Archive member included to satisfy reference by file (symbol)

/opt/st/stm32cubeide_1.19.0/plugins/com.st.stm32cube.ide.mcu.externaltools.gnu-tools-for-stm32.13.3.rel1.linux64_1.0.0.202410170706/tools/bin/../lib/gcc/arm-none-eabi/13.3.1/../../../../arm-none-eabi/lib/thumb/v7e-m+fp/hard/libc_nano.a(libc_a-exit.o)
                              /opt/st/stm32cubeide_1.19.0/plugins/com.st.stm32cube.ide.mcu.externaltools.gnu-tools-for-stm32.13.3.rel1.linux64_1.0.0.202410170706/tools/bin/../lib/gcc/arm-none-eabi/13.3.1/../../../../arm-none-eabi/lib/thumb/v7e-m+fp/hard/crt0.o (exit)
/opt/st/stm32cubeide_1.19.0/plugins/com.st.stm32cube.ide.mcu.externaltools.gnu-tools-for-stm32.13.3.rel1.linux64_1.0.0.202410170706/tools/bin/../lib/gcc/arm-none-eabi/13.3.1/../../../../arm-none-eabi/lib/thumb/v7e-m+fp/hard/libc_nano.a(libc_a-malloc.o)
                              ./Middlewares/ST/STM32_USB_Host_Library/Class/CDC/Src/usbh_cdc.o (malloc)
/opt/st/stm32cubeide_1.19.0/plugins/com.st.stm32cube.ide.mcu.externaltools.gnu-tools-for-stm32.13.3.rel1.linux64_1.0.0.202410170706/tools/bin/../lib/gcc/arm-none-eabi/13.3.1/../../../../arm-none-eabi/lib/thumb/v7e-m+fp/hard/libc_nano.a(libc_a-mallocr.o)
                              /opt/st/stm32cubeide_1.19.0/plugins/com.st.stm32cube.ide.mcu.externaltools.gnu-tools-for-stm32.13.3.rel1.linux64_1.0.0.202410170706/tools/bin/../lib/gcc/arm-none-eabi/13.3.1/../../../../arm-none-eabi/lib/thumb/v7e-m+fp/hard/libc_nano.a(libc_a-malloc.o) (_malloc_r)
/opt/st/stm32cubeide_1.19.0/plugins/com.st.stm32cube.ide.mcu.externaltools.gnu-tools-for-stm32.13.3.rel1.linux64_1.0.0.202410170706/tools/bin/../lib/gcc/arm-none-eabi/13.3.1/../../../../arm-none-eabi/lib/thumb/v7e-m+fp/hard/libc_nano.a(libc_a-mlock.o)
                              /opt/st/stm32cubeide_1.19.0/plugins/com.st.stm32cube.ide.mcu.externaltools.gnu-tools-for-stm32.13.3.rel1.linux64_1.0.0.202410170706/tools/bin/../lib/gcc/arm-none-eabi/13.3.1/../../../../arm-none-eabi/lib/thumb/v7e-m+fp/hard/libc_nano.a(libc_a-mallocr.o) (__malloc_lock)
/opt/st/stm32cubeide_1.19.0/plugins/com.st.stm32cube.ide.mcu.externaltools.gnu-tools-for-stm32.13.3.rel1.linux64_1.0.0.202410170706/tools/bin/../lib/gcc/arm-none-eabi/13.3.1/../../../../arm-none-eabi/lib/thumb/v7e-m+fp/hard/libc_nano.a(libc_a-findfp.o)
                              /opt/st/stm32cubeide_1.19.0/plugins/com.st.stm32cube.ide.mcu.externaltools.gnu-tools-for-stm32.13.3.rel1.linux64_1.0.0.202410170706/tools/bin/../lib/gcc/arm-none-eabi/13.3.1/../../../../arm-none-eabi/lib/thumb/v7e-m+fp/hard/libc_nano.a(libc_a-exit.o) (__stdio_exit_handler)
/opt/st/stm32cubeide_1.19.0/plugins/com.st.stm32cube.ide.mcu.externaltools.gnu-tools-for-stm32.13.3.rel1.linux64_1.0.0.202410170706/tools/bin/../lib/gcc/arm-none-eabi/13.3.1/../../../../arm-none-eabi/lib/thumb/v7e-m+fp/hard/libc_nano.a(libc_a-fwalk.o)
                              /opt/st/stm32cubeide_1.19.0/plugins/com.st.stm32cube.ide.mcu.externaltools.gnu-tools-for-stm32.13.3.rel1.linux64_1.0.0.202410170706/tools/bin/../lib/gcc/arm-none-eabi/13.3.1/../../../../arm-none-eabi/lib/thumb/v7e-m+fp/hard/libc_nano.a(libc_a-findfp.o) (_fwalk_sglue)
/opt/st/stm32cubeide_1.19.0/plugins/com.st.stm32cube.ide.mcu.externaltools.gnu-tools-for-stm32.13.3.rel1.linux64_1.0.0.202410170706/tools/bin/../lib/gcc/arm-none-eabi/13.3.1/../../../../arm-none-eabi/lib/thumb/v7e-m+fp/hard/libc_nano.a(libc_a-stdio.o)
                              /opt/st/stm32cubeide_1.19.0/plugins/com.st.stm32cube.ide.mcu.externaltools.gnu-tools-for-stm32.13.3.rel1.linux64_1.0.0.202410170706/tools/bin/../lib/gcc/arm-none-eabi/13.3.1/../../../../arm-none-eabi/lib/thumb/v7e-m+fp/hard/libc_nano.a(libc_a-findfp.o) (__sread)
/opt/st/stm32cubeide_1.19.0/plugins/com.st.stm32cube.ide.mcu.externaltools.gnu-tools-for-stm32.13.3.rel1.linux64_1.0.0.202410170706/tools/bin/../lib/gcc/arm-none-eabi/13.3.1/../../../../arm-none-eabi/lib/thumb/v7e-m+fp/hard/libc_nano.a(libc_a-memset.o)
                              /opt/st/stm32cubeide_1.19.0/plugins/com.st.stm32cube.ide.mcu.externaltools.gnu-tools-for-stm32.13.3.rel1.linux64_1.0.0.202410170706/tools/bin/../lib/gcc/arm-none-eabi/13.3.1/../../../../arm-none-eabi/lib/thumb/v7e-m+fp/hard/crt0.o (memset)
/opt/st/stm32cubeide_1.19.0/plugins/com.st.stm32cube.ide.mcu.externaltools.gnu-tools-for-stm32.13.3.rel1.linux64_1.0.0.202410170706/tools/bin/../lib/gcc/arm-none-eabi/13.3.1/../../../../arm-none-eabi/lib/thumb/v7e-m+fp/hard/libc_nano.a(libc_a-closer.o)
                              /opt/st/stm32cubeide_1.19.0/plugins/com.st.stm32cube.ide.mcu.externaltools.gnu-tools-for-stm32.13.3.rel1.linux64_1.0.0.202410170706/tools/bin/../lib/gcc/arm-none-eabi/13.3.1/../../../../arm-none-eabi/lib/thumb/v7e-m+fp/hard/libc_nano.a(libc_a-stdio.o) (_close_r)
[...]
Memory Configuration

Name             Origin             Length             Attributes
CCMRAM           0x10000000         0x00010000         xrw
RAM              0x20000000         0x00020000         xrw
FLASH            0x08000000         0x00100000         xr
*default*        0x00000000         0xffffffff

Linker script and memory map

LOAD /opt/st/stm32cubeide_1.19.0/plugins/com.st.stm32cube.ide.mcu.externaltools.gnu-tools-for-stm32.13.3.rel1.linux64_1.0.0.202410170706/tools/bin/../lib/gcc/arm-none-eabi/13.3.1/thumb/v7e-m+fp/hard/crti.o
LOAD /opt/st/stm32cubeide_1.19.0/plugins/com.st.stm32cube.ide.mcu.externaltools.gnu-tools-for-stm32.13.3.rel1.linux64_1.0.0.202410170706/tools/bin/../lib/gcc/arm-none-eabi/13.3.1/thumb/v7e-m+fp/hard/crtbegin.o
LOAD /opt/st/stm32cubeide_1.19.0/plugins/com.st.stm32cube.ide.mcu.externaltools.gnu-tools-for-stm32.13.3.rel1.linux64_1.0.0.202410170706/tools/bin/../lib/gcc/arm-none-eabi/13.3.1/../../../../arm-none-eabi/lib/thumb/v7e-m+fp/hard/crt0.o
LOAD ./Core/Src/main.o
LOAD ./Core/Src/stm32f4xx_hal_msp.o
LOAD ./Core/Src/stm32f4xx_hal_timebase_tim.o
LOAD ./Core/Src/stm32f4xx_it.o
LOAD ./Core/Src/syscalls.o
LOAD ./Core/Src/system_stm32f4xx.o
LOAD ./Core/Startup/startup_stm32f407vgtx.o
LOAD ./Drivers/STM32F4xx_HAL_Driver/Src/stm32f4xx_hal.o
LOAD ./Drivers/STM32F4xx_HAL_Driver/Src/stm32f4xx_hal_cortex.o
LOAD ./Drivers/STM32F4xx_HAL_Driver/Src/stm32f4xx_hal_dma.o
LOAD ./Drivers/STM32F4xx_HAL_Driver/Src/stm32f4xx_hal_dma_ex.o
LOAD ./Drivers/STM32F4xx_HAL_Driver/Src/stm32f4xx_hal_exti.o
LOAD ./Drivers/STM32F4xx_HAL_Driver/Src/stm32f4xx_hal_flash.o
LOAD ./Drivers/STM32F4xx_HAL_Driver/Src/stm32f4xx_hal_flash_ex.o
LOAD ./Drivers/STM32F4xx_HAL_Driver/Src/stm32f4xx_hal_flash_ramfunc.o
LOAD ./Drivers/STM32F4xx_HAL_Driver/Src/stm32f4xx_hal_gpio.o
LOAD ./Drivers/STM32F4xx_HAL_Driver/Src/stm32f4xx_hal_hcd.o
LOAD ./Drivers/STM32F4xx_HAL_Driver/Src/stm32f4xx_hal_i2c.o
LOAD ./Drivers/STM32F4xx_HAL_Driver/Src/stm32f4xx_hal_i2c_ex.o
LOAD ./Drivers/STM32F4xx_HAL_Driver/Src/stm32f4xx_hal_i2s.o
LOAD ./Drivers/STM32F4xx_HAL_Driver/Src/stm32f4xx_hal_i2s_ex.o
LOAD ./Drivers/STM32F4xx_HAL_Driver/Src/stm32f4xx_hal_pwr.o
LOAD ./Drivers/STM32F4xx_HAL_Driver/Src/stm32f4xx_hal_pwr_ex.o
LOAD ./Drivers/STM32F4xx_HAL_Driver/Src/stm32f4xx_hal_rcc.o
LOAD ./Drivers/STM32F4xx_HAL_Driver/Src/stm32f4xx_hal_rcc_ex.o
LOAD ./Drivers/STM32F4xx_HAL_Driver/Src/stm32f4xx_hal_spi.o
LOAD ./Drivers/STM32F4xx_HAL_Driver/Src/stm32f4xx_hal_tim.o
LOAD ./Drivers/STM32F4xx_HAL_Driver/Src/stm32f4xx_hal_tim_ex.o
LOAD ./Drivers/STM32F4xx_HAL_Driver/Src/stm32f4xx_ll_usb.o
LOAD ./Middlewares/ST/STM32_USB_Host_Library/Class/CDC/Src/usbh_cdc.o
LOAD ./Middlewares/ST/STM32_USB_Host_Library/Core/Src/usbh_core.o
LOAD ./Middlewares/ST/STM32_USB_Host_Library/Core/Src/usbh_ctlreq.o
LOAD ./Middlewares/ST/STM32_USB_Host_Library/Core/Src/usbh_ioreq.o
LOAD ./Middlewares/ST/STM32_USB_Host_Library/Core/Src/usbh_pipes.o
LOAD ./USB_HOST/App/usb_host.o
LOAD ./USB_HOST/Target/usbh_conf.o
LOAD ./USB_HOST/Target/usbh_platform.o
LOAD ./rtos/croutine.o
LOAD ./rtos/event_groups.o
LOAD ./rtos/list.o
LOAD ./rtos/queue.o
LOAD ./rtos/stream_buffer.o
LOAD ./rtos/tasks.o
LOAD ./rtos/timers.o
LOAD ./rtos/portable/GCC/ARM_CM4F/port.o
LOAD ./rtos/portable/MemMang/heap_4.o
START GROUP
LOAD /opt/st/stm32cubeide_1.19.0/plugins/com.st.stm32cube.ide.mcu.externaltools.gnu-tools-for-stm32.13.3.rel1.linux64_1.0.0.202410170706/tools/bin/../lib/gcc/arm-none-eabi/13.3.1/../../../../arm-none-eabi/lib/thumb/v7e-m+fp/hard/libc_nano.a
LOAD /opt/st/stm32cubeide_1.19.0/plugins/com.st.stm32cube.ide.mcu.externaltools.gnu-tools-for-stm32.13.3.rel1.linux64_1.0.0.202410170706/tools/bin/../lib/gcc/arm-none-eabi/13.3.1/../../../../arm-none-eabi/lib/thumb/v7e-m+fp/hard/libm.a
END GROUP
START GROUP
LOAD /opt/st/stm32cubeide_1.19.0/plugins/com.st.stm32cube.ide.mcu.externaltools.gnu-tools-for-stm32.13.3.rel1.linux64_1.0.0.202410170706/tools/bin/../lib/gcc/arm-none-eabi/13.3.1/thumb/v7e-m+fp/hard/libgcc.a
LOAD /opt/st/stm32cubeide_1.19.0/plugins/com.st.stm32cube.ide.mcu.externaltools.gnu-tools-for-stm32.13.3.rel1.linux64_1.0.0.202410170706/tools/bin/../lib/gcc/arm-none-eabi/13.3.1/../../../../arm-none-eabi/lib/thumb/v7e-m+fp/hard/libc_nano.a
END GROUP
START GROUP
LOAD /opt/st/stm32cubeide_1.19.0/plugins/com.st.stm32cube.ide.mcu.externaltools.gnu-tools-for-stm32.13.3.rel1.linux64_1.0.0.202410170706/tools/bin/../lib/gcc/arm-none-eabi/13.3.1/thumb/v7e-m+fp/hard/libgcc.a
LOAD /opt/st/stm32cubeide_1.19.0/plugins/com.st.stm32cube.ide.mcu.externaltools.gnu-tools-for-stm32.13.3.rel1.linux64_1.0.0.202410170706/tools/bin/../lib/gcc/arm-none-eabi/13.3.1/../../../../arm-none-eabi/lib/thumb/v7e-m+fp/hard/libc_nano.a
LOAD /opt/st/stm32cubeide_1.19.0/plugins/com.st.stm32cube.ide.mcu.externaltools.gnu-tools-for-stm32.13.3.rel1.linux64_1.0.0.202410170706/tools/bin/../lib/gcc/arm-none-eabi/13.3.1/../../../../arm-none-eabi/lib/thumb/v7e-m+fp/hard/libnosys.a
END GROUP
START GROUP
LOAD /opt/st/stm32cubeide_1.19.0/plugins/com.st.stm32cube.ide.mcu.externaltools.gnu-tools-for-stm32.13.3.rel1.linux64_1.0.0.202410170706/tools/bin/../lib/gcc/arm-none-eabi/13.3.1/thumb/v7e-m+fp/hard/libgcc.a
LOAD /opt/st/stm32cubeide_1.19.0/plugins/com.st.stm32cube.ide.mcu.externaltools.gnu-tools-for-stm32.13.3.rel1.linux64_1.0.0.202410170706/tools/bin/../lib/gcc/arm-none-eabi/13.3.1/../../../../arm-none-eabi/lib/thumb/v7e-m+fp/hard/libc_nano.a
LOAD /opt/st/stm32cubeide_1.19.0/plugins/com.st.stm32cube.ide.mcu.externaltools.gnu-tools-for-stm32.13.3.rel1.linux64_1.0.0.202410170706/tools/bin/../lib/gcc/arm-none-eabi/13.3.1/../../../../arm-none-eabi/lib/thumb/v7e-m+fp/hard/libnosys.a
END GROUP
LOAD /opt/st/stm32cubeide_1.19.0/plugins/com.st.stm32cube.ide.mcu.externaltools.gnu-tools-for-stm32.13.3.rel1.linux64_1.0.0.202410170706/tools/bin/../lib/gcc/arm-none-eabi/13.3.1/thumb/v7e-m+fp/hard/crtend.o
LOAD /opt/st/stm32cubeide_1.19.0/plugins/com.st.stm32cube.ide.mcu.externaltools.gnu-tools-for-stm32.13.3.rel1.linux64_1.0.0.202410170706/tools/bin/../lib/gcc/arm-none-eabi/13.3.1/thumb/v7e-m+fp/hard/crtn.o
                0x20020000                        _estack = (ORIGIN (RAM) + LENGTH (RAM))
                0x00000200                        _Min_Heap_Size = 0x200
                0x00000400                        _Min_Stack_Size = 0x400

.isr_vector     0x08000000      0x188
                0x08000000                        . = ALIGN (0x4)
 *(.isr_vector)
 .isr_vector    0x08000000      0x188 ./Core/Startup/startup_stm32f407vgtx.o
                0x08000000                g_pfnVectors
                0x08000188                        . = ALIGN (0x4)

.text           0x08000188     0xa6d8
                0x08000188                        . = ALIGN (0x4)
 *(.text)
 .text          0x08000188       0x40 /opt/st/stm32cubeide_1.19.0/plugins/com.st.stm32cube.ide.mcu.externaltools.gnu-tools-for-stm32.13.3.rel1.linux64_1.0.0.202410170706/tools/bin/../lib/gcc/arm-none-eabi/13.3.1/thumb/v7e-m+fp/hard/crtbegin.o
 .text          0x080001c8       0x30 /opt/st/stm32cubeide_1.19.0/plugins/com.st.stm32cube.ide.mcu.externaltools.gnu-tools-for-stm32.13.3.rel1.linux64_1.0.0.202410170706/tools/bin/../lib/gcc/arm-none-eabi/13.3.1/thumb/v7e-m+fp/hard/libgcc.a(_aeabi_uldivmod.o)
                0x080001c8                __aeabi_uldivmod
 .text          0x080001f8      0x2f8 /opt/st/stm32cubeide_1.19.0/plugins/com.st.stm32cube.ide.mcu.externaltools.gnu-tools-for-stm32.13.3.rel1.linux64_1.0.0.202410170706/tools/bin/../lib/gcc/arm-none-eabi/13.3.1/thumb/v7e-m+fp/hard/libgcc.a(_udivmoddi4.o)
                0x080001f8                __udivmoddi4
 .text          0x080004f0        0x4 /opt/st/stm32cubeide_1.19.0/plugins/com.st.stm32cube.ide.mcu.externaltools.gnu-tools-for-stm32.13.3.rel1.linux64_1.0.0.202410170706/tools/bin/../lib/gcc/arm-none-eabi/13.3.1/thumb/v7e-m+fp/hard/libgcc.a(_dvmd_tls.o)
                0x080004f0                __aeabi_ldiv0
                0x080004f0                __aeabi_idiv0
 *(.text*)
 .text.main     0x080004f4       0xa8 ./Core/Src/main.o
                0x080004f4                main
 .text.SystemClock_Config
                0x0800059c       0xd4 ./Core/Src/main.o
                0x0800059c                SystemClock_Config
 .text.MX_I2C1_Init
                0x08000670       0x5c ./Core/Src/main.o
 .text.MX_I2S3_Init
                0x080006cc       0x60 ./Core/Src/main.o
 .text.MX_SPI1_Init
                0x0800072c       0x6c ./Core/Src/main.o
 .text.MX_GPIO_Init
                0x08000798      0x1fc ./Core/Src/main.o
 .text.GreenLedTask
                0x08000994       0x24 ./Core/Src/main.o
 .text.OrangeLedTask
                0x080009b8       0x20 ./Core/Src/main.o
 .text.HAL_TIM_PeriodElapsedCallback
                0x080009d8       0x24 ./Core/Src/main.o
                0x080009d8                HAL_TIM_PeriodElapsedCallback
 .text.Error_Handler
                0x080009fc        0xc ./Core/Src/main.o
                0x080009fc                Error_Handler
 .text.HAL_MspInit
                0x08000a08       0x50 ./Core/Src/stm32f4xx_hal_msp.o
                0x08000a08                HAL_MspInit
 .text.HAL_I2C_MspInit
                0x08000a58       0x90 ./Core/Src/stm32f4xx_hal_msp.o
                0x08000a58                HAL_I2C_MspInit
 .text.HAL_I2S_MspInit
                0x08000ae8      0x100 ./Core/Src/stm32f4xx_hal_msp.o
                0x08000ae8                HAL_I2S_MspInit
 .text.HAL_SPI_MspInit
                0x08000be8       0x90 ./Core/Src/stm32f4xx_hal_msp.o
                0x08000be8                HAL_SPI_MspInit
 .text.HAL_InitTick
                0x08000c78       0xf8 ./Core/Src/stm32f4xx_hal_timebase_tim.o
                0x08000c78                HAL_InitTick
 .text.NMI_Handler
                0x08000d70        0x8 ./Core/Src/stm32f4xx_it.o
                0x08000d70                NMI_Handler
 .text.HardFault_Handler
                0x08000d78        0x8 ./Core/Src/stm32f4xx_it.o
                0x08000d78                HardFault_Handler
 .text.MemManage_Handler
                0x08000d80        0x8 ./Core/Src/stm32f4xx_it.o
                0x08000d80                MemManage_Handler
 .text.BusFault_Handler
                0x08000d88        0x8 ./Core/Src/stm32f4xx_it.o
                0x08000d88                BusFault_Handler
 .text.UsageFault_Handler
                0x08000d90        0x8 ./Core/Src/stm32f4xx_it.o
                0x08000d90                UsageFault_Handler
 .text.DebugMon_Handler
                0x08000d98        0xe ./Core/Src/stm32f4xx_it.o
                0x08000d98                DebugMon_Handler
 *fill*         0x08000da6        0x2 
 .text.TIM6_DAC_IRQHandler
                0x08000da8       0x14 ./Core/Src/stm32f4xx_it.o
                0x08000da8                TIM6_DAC_IRQHandler
 .text.OTG_FS_IRQHandler
                0x08000dbc       0x14 ./Core/Src/stm32f4xx_it.o
                0x08000dbc                OTG_FS_IRQHandler
 .text.SystemInit
                0x08000dd0       0x24 ./Core/Src/system_stm32f4xx.o
                0x08000dd0                SystemInit
 .text.Reset_Handler
                0x08000df4       0x50 ./Core/Startup/startup_stm32f407vgtx.o
                0x08000df4                Reset_Handler
 .text.Default_Handler
                0x08000e44        0x2 ./Core/Startup/startup_stm32f407vgtx.o
                0x08000e44                RTC_Alarm_IRQHandler
                0x08000e44                HASH_RNG_IRQHandler
                0x08000e44                EXTI2_IRQHandler
                0x08000e44                TIM8_CC_IRQHandler
                0x08000e44                TIM1_CC_IRQHandler
                0x08000e44                DMA2_Stream5_IRQHandler
                0x08000e44                DMA1_Stream5_IRQHandler
                0x08000e44                PVD_IRQHandler
                0x08000e44                SDIO_IRQHandler
                0x08000e44                TAMP_STAMP_IRQHandler
                0x08000e44                CAN2_RX1_IRQHandler
                0x08000e44                EXTI3_IRQHandler
                0x08000e44                TIM8_TRG_COM_TIM14_IRQHandler
                0x08000e44                TIM1_UP_TIM10_IRQHandler
                0x08000e44                TIM8_UP_TIM13_IRQHandler
                0x08000e44                I2C3_ER_IRQHandler
                0x08000e44                EXTI0_IRQHandler
                0x08000e44                I2C2_EV_IRQHandler
                0x08000e44                DMA1_Stream2_IRQHandler
                0x08000e44                CAN1_RX0_IRQHandler
                0x08000e44                FPU_IRQHandler
                0x08000e44                OTG_HS_WKUP_IRQHandler
                0x08000e44                CAN2_SCE_IRQHandler
                0x08000e44                DMA2_Stream2_IRQHandler
                0x08000e44                SPI1_IRQHandler
                0x08000e44                TIM1_BRK_TIM9_IRQHandler
                0x08000e44                DCMI_IRQHandler
                0x08000e44                CAN2_RX0_IRQHandler
                0x08000e44                DMA2_Stream3_IRQHandler
                0x08000e44                USART6_IRQHandler
                0x08000e44                USART3_IRQHandler
                0x08000e44                CAN1_RX1_IRQHandler
                0x08000e44                UART5_IRQHandler
                0x08000e44                DMA2_Stream0_IRQHandler
                0x08000e44                TIM4_IRQHandler
                0x08000e44                I2C1_EV_IRQHandler
                0x08000e44                DMA1_Stream6_IRQHandler
                0x08000e44                DMA1_Stream1_IRQHandler
                0x08000e44                UART4_IRQHandler
                0x08000e44                TIM3_IRQHandler
                0x08000e44                RCC_IRQHandler
                0x08000e44                TIM8_BRK_TIM12_IRQHandler
                0x08000e44                Default_Handler
                0x08000e44                EXTI15_10_IRQHandler
                0x08000e44                ADC_IRQHandler
                0x08000e44                DMA1_Stream7_IRQHandler
                0x08000e44                TIM7_IRQHandler
                0x08000e44                CAN2_TX_IRQHandler
                0x08000e44                TIM5_IRQHandler
                0x08000e44                DMA2_Stream7_IRQHandler
                0x08000e44                I2C3_EV_IRQHandler
                0x08000e44                EXTI9_5_IRQHandler
                0x08000e44                RTC_WKUP_IRQHandler
                0x08000e44                ETH_WKUP_IRQHandler
                0x08000e44                SPI2_IRQHandler
                0x08000e44                OTG_HS_EP1_IN_IRQHandler
                0x08000e44                DMA1_Stream0_IRQHandler
                0x08000e44                CAN1_TX_IRQHandler
                0x08000e44                EXTI4_IRQHandler
                0x08000e44                FSMC_IRQHandler
                0x08000e44                ETH_IRQHandler
                0x08000e44                OTG_HS_EP1_OUT_IRQHandler
                0x08000e44                WWDG_IRQHandler
                0x08000e44                TIM2_IRQHandler
                0x08000e44                OTG_FS_WKUP_IRQHandler
                0x08000e44                TIM1_TRG_COM_TIM11_IRQHandler
                0x08000e44                OTG_HS_IRQHandler
                0x08000e44                EXTI1_IRQHandler
                0x08000e44                USART2_IRQHandler
                0x08000e44                I2C2_ER_IRQHandler
                0x08000e44                DMA2_Stream1_IRQHandler
                0x08000e44                CAN1_SCE_IRQHandler
                0x08000e44                FLASH_IRQHandler
                0x08000e44                DMA2_Stream4_IRQHandler
                0x08000e44                USART1_IRQHandler
                0x08000e44                SPI3_IRQHandler
                0x08000e44                DMA1_Stream4_IRQHandler
                0x08000e44                I2C1_ER_IRQHandler
                0x08000e44                DMA2_Stream6_IRQHandler
                0x08000e44                DMA1_Stream3_IRQHandler
 *fill*         0x08000e46        0x2 
 .text.HAL_Init
                0x08000e48       0x44 ./Drivers/STM32F4xx_HAL_Driver/Src/stm32f4xx_hal.o
                0x08000e48                HAL_Init
 .text.HAL_IncTick
                0x08000e8c       0x28 ./Drivers/STM32F4xx_HAL_Driver/Src/stm32f4xx_hal.o
                0x08000e8c                HAL_IncTick
 .text.HAL_GetTick
                0x08000eb4       0x18 ./Drivers/STM32F4xx_HAL_Driver/Src/stm32f4xx_hal.o
                0x08000eb4                HAL_GetTick
 .text.HAL_Delay
                0x08000ecc       0x48 ./Drivers/STM32F4xx_HAL_Driver/Src/stm32f4xx_hal.o
                0x08000ecc                HAL_Delay
 .text.__NVIC_SetPriorityGrouping
                0x08000f14       0x48 ./Drivers/STM32F4xx_HAL_Driver/Src/stm32f4xx_hal_cortex.o
 .text.__NVIC_GetPriorityGrouping
                0x08000f5c       0x1c ./Drivers/STM32F4xx_HAL_Driver/Src/stm32f4xx_hal_cortex.o
 .text.__NVIC_EnableIRQ
                0x08000f78       0x3c ./Drivers/STM32F4xx_HAL_Driver/Src/stm32f4xx_hal_cortex.o
 .text.__NVIC_SetPriority
                0x08000fb4       0x54 ./Drivers/STM32F4xx_HAL_Driver/Src/stm32f4xx_hal_cortex.o
 .text.NVIC_EncodePriority
                0x08001008       0x66 ./Drivers/STM32F4xx_HAL_Driver/Src/stm32f4xx_hal_cortex.o
 .text.HAL_NVIC_SetPriorityGrouping
                0x0800106e       0x16 ./Drivers/STM32F4xx_HAL_Driver/Src/stm32f4xx_hal_cortex.o
                0x0800106e                HAL_NVIC_SetPriorityGrouping
 .text.HAL_NVIC_SetPriority
                0x08001084       0x38 ./Drivers/STM32F4xx_HAL_Driver/Src/stm32f4xx_hal_cortex.o
                0x08001084                HAL_NVIC_SetPriority
 .text.HAL_NVIC_EnableIRQ
                0x080010bc       0x1c ./Drivers/STM32F4xx_HAL_Driver/Src/stm32f4xx_hal_cortex.o
                0x080010bc                HAL_NVIC_EnableIRQ
 .text.HAL_GPIO_Init
                0x080010d8      0x338 ./Drivers/STM32F4xx_HAL_Driver/Src/stm32f4xx_hal_gpio.o
                0x080010d8                HAL_GPIO_Init
 .text.HAL_GPIO_WritePin
                0x08001410       0x32 ./Drivers/STM32F4xx_HAL_Driver/Src/stm32f4xx_hal_gpio.o
                0x08001410                HAL_GPIO_WritePin
 .text.HAL_GPIO_TogglePin
                0x08001442       0x34 ./Drivers/STM32F4xx_HAL_Driver/Src/stm32f4xx_hal_gpio.o
                0x08001442                HAL_GPIO_TogglePin
 .text.HAL_HCD_Init
                0x08001476       0xce ./Drivers/STM32F4xx_HAL_Driver/Src/stm32f4xx_hal_hcd.o
                0x08001476                HAL_HCD_Init
 .text.HAL_HCD_HC_Init
                0x08001544      0x170 ./Drivers/STM32F4xx_HAL_Driver/Src/stm32f4xx_hal_hcd.o
                0x08001544                HAL_HCD_HC_Init
 .text.HAL_HCD_HC_SubmitRequest
                0x080016b4      0x33c ./Drivers/STM32F4xx_HAL_Driver/Src/stm32f4xx_hal_hcd.o
                0x080016b4                HAL_HCD_HC_SubmitRequest
 .text.HAL_HCD_IRQHandler
                0x080019f0      0x220 ./Drivers/STM32F4xx_HAL_Driver/Src/stm32f4xx_hal_hcd.o
                0x080019f0                HAL_HCD_IRQHandler
 .text.HAL_HCD_Start
                0x08001c10       0x46 ./Drivers/STM32F4xx_HAL_Driver/Src/stm32f4xx_hal_hcd.o
                0x08001c10                HAL_HCD_Start
 .text.HAL_HCD_Stop
                0x08001c56       0x3a ./Drivers/STM32F4xx_HAL_Driver/Src/stm32f4xx_hal_hcd.o
                0x08001c56                HAL_HCD_Stop
 .text.HAL_HCD_ResetPort
                0x08001c90       0x1c ./Drivers/STM32F4xx_HAL_Driver/Src/stm32f4xx_hal_hcd.o
                0x08001c90                HAL_HCD_ResetPort
 .text.HAL_HCD_HC_GetURBState
                0x08001cac       0x2a ./Drivers/STM32F4xx_HAL_Driver/Src/stm32f4xx_hal_hcd.o
                0x08001cac                HAL_HCD_HC_GetURBState
 .text.HAL_HCD_HC_GetXferCount
                0x08001cd6       0x2a ./Drivers/STM32F4xx_HAL_Driver/Src/stm32f4xx_hal_hcd.o
                0x08001cd6                HAL_HCD_HC_GetXferCount
 .text.HAL_HCD_GetCurrentFrame
                0x08001d00       0x1c ./Drivers/STM32F4xx_HAL_Driver/Src/stm32f4xx_hal_hcd.o
                0x08001d00                HAL_HCD_GetCurrentFrame
 .text.HAL_HCD_GetCurrentSpeed
                0x08001d1c       0x1c ./Drivers/STM32F4xx_HAL_Driver/Src/stm32f4xx_hal_hcd.o
                0x08001d1c                HAL_HCD_GetCurrentSpeed
 .text.HAL_HCD_HC_ClearHubInfo
                0x08001d38       0x6a ./Drivers/STM32F4xx_HAL_Driver/Src/stm32f4xx_hal_hcd.o
                0x08001d38                HAL_HCD_HC_ClearHubInfo
 .text.HCD_HC_IN_IRQHandler
                0x08001da2      0xcd2 ./Drivers/STM32F4xx_HAL_Driver/Src/stm32f4xx_hal_hcd.o
 .text.HCD_HC_OUT_IRQHandler
                0x08002a74      0x97e ./Drivers/STM32F4xx_HAL_Driver/Src/stm32f4xx_hal_hcd.o
 .text.HCD_RXQLVL_IRQHandler
                0x080033f2      0x1be ./Drivers/STM32F4xx_HAL_Driver/Src/stm32f4xx_hal_hcd.o
 .text.HCD_Port_IRQHandler
                0x080035b0       0xe6 ./Drivers/STM32F4xx_HAL_Driver/Src/stm32f4xx_hal_hcd.o
 *fill*         0x08003696        0x2 
 .text.HAL_I2C_Init
                0x08003698      0x288 ./Drivers/STM32F4xx_HAL_Driver/Src/stm32f4xx_hal_i2c.o
                0x08003698                HAL_I2C_Init
 .text.HAL_I2S_Init
                0x08003920      0x280 ./Drivers/STM32F4xx_HAL_Driver/Src/stm32f4xx_hal_i2s.o
                0x08003920                HAL_I2S_Init
 .text.HAL_I2S_TxCpltCallback
                0x08003ba0       0x14 ./Drivers/STM32F4xx_HAL_Driver/Src/stm32f4xx_hal_i2s.o
                0x08003ba0                HAL_I2S_TxCpltCallback
 .text.HAL_I2S_RxCpltCallback
                0x08003bb4       0x14 ./Drivers/STM32F4xx_HAL_Driver/Src/stm32f4xx_hal_i2s.o
                0x08003bb4                HAL_I2S_RxCpltCallback
 .text.HAL_I2S_ErrorCallback
                0x08003bc8       0x14 ./Drivers/STM32F4xx_HAL_Driver/Src/stm32f4xx_hal_i2s.o
                0x08003bc8                HAL_I2S_ErrorCallback
 .text.I2S_Transmit_IT
                0x08003bdc       0x5c ./Drivers/STM32F4xx_HAL_Driver/Src/stm32f4xx_hal_i2s.o
 .text.I2S_Receive_IT
                0x08003c38       0x5e ./Drivers/STM32F4xx_HAL_Driver/Src/stm32f4xx_hal_i2s.o
 .text.I2S_IRQHandler
                0x08003c96      0x114 ./Drivers/STM32F4xx_HAL_Driver/Src/stm32f4xx_hal_i2s.o
 *fill*         0x08003daa        0x2 
 .text.HAL_I2SEx_FullDuplex_IRQHandler
                0x08003dac      0x2a8 ./Drivers/STM32F4xx_HAL_Driver/Src/stm32f4xx_hal_i2s_ex.o
                0x08003dac                HAL_I2SEx_FullDuplex_IRQHandler
 .text.HAL_I2SEx_TxRxCpltCallback
                0x08004054       0x14 ./Drivers/STM32F4xx_HAL_Driver/Src/stm32f4xx_hal_i2s_ex.o
                0x08004054                HAL_I2SEx_TxRxCpltCallback
 .text.I2SEx_TxISR_I2S
                0x08004068       0x62 ./Drivers/STM32F4xx_HAL_Driver/Src/stm32f4xx_hal_i2s_ex.o
 *fill*         0x080040ca        0x2 
 .text.I2SEx_TxISR_I2SExt
                0x080040cc       0x98 ./Drivers/STM32F4xx_HAL_Driver/Src/stm32f4xx_hal_i2s_ex.o
 .text.I2SEx_RxISR_I2S
                0x08004164       0x64 ./Drivers/STM32F4xx_HAL_Driver/Src/stm32f4xx_hal_i2s_ex.o
 .text.I2SEx_RxISR_I2SExt
                0x080041c8       0x98 ./Drivers/STM32F4xx_HAL_Driver/Src/stm32f4xx_hal_i2s_ex.o
 .text.HAL_RCC_OscConfig
                0x08004260      0x4f0 ./Drivers/STM32F4xx_HAL_Driver/Src/stm32f4xx_hal_rcc.o
                0x08004260                HAL_RCC_OscConfig
 .text.HAL_RCC_ClockConfig
                0x08004750      0x1cc ./Drivers/STM32F4xx_HAL_Driver/Src/stm32f4xx_hal_rcc.o
                0x08004750                HAL_RCC_ClockConfig
 .text.HAL_RCC_GetSysClockFreq
                0x0800491c      0x20c ./Drivers/STM32F4xx_HAL_Driver/Src/stm32f4xx_hal_rcc.o
                0x0800491c                HAL_RCC_GetSysClockFreq
 .text.HAL_RCC_GetHCLKFreq
                0x08004b28       0x18 ./Drivers/STM32F4xx_HAL_Driver/Src/stm32f4xx_hal_rcc.o
                0x08004b28                HAL_RCC_GetHCLKFreq
 .text.HAL_RCC_GetPCLK1Freq
                0x08004b40       0x28 ./Drivers/STM32F4xx_HAL_Driver/Src/stm32f4xx_hal_rcc.o
                0x08004b40                HAL_RCC_GetPCLK1Freq
 .text.HAL_RCC_GetClockConfig
                0x08004b68       0x64 ./Drivers/STM32F4xx_HAL_Driver/Src/stm32f4xx_hal_rcc.o
                0x08004b68                HAL_RCC_GetClockConfig
 .text.HAL_RCCEx_PeriphCLKConfig
                0x08004bcc      0x1c4 ./Drivers/STM32F4xx_HAL_Driver/Src/stm32f4xx_hal_rcc_ex.o
                0x08004bcc                HAL_RCCEx_PeriphCLKConfig
 .text.HAL_RCCEx_GetPeriphCLKFreq
                0x08004d90       0xc0 ./Drivers/STM32F4xx_HAL_Driver/Src/stm32f4xx_hal_rcc_ex.o
                0x08004d90                HAL_RCCEx_GetPeriphCLKFreq
 .text.HAL_SPI_Init
                0x08004e50      0x112 ./Drivers/STM32F4xx_HAL_Driver/Src/stm32f4xx_hal_spi.o
                0x08004e50                HAL_SPI_Init
 .text.HAL_TIM_Base_Init
                0x08004f62       0x9e ./Drivers/STM32F4xx_HAL_Driver/Src/stm32f4xx_hal_tim.o
                0x08004f62                HAL_TIM_Base_Init
 .text.HAL_TIM_Base_MspInit
                0x08005000       0x14 ./Drivers/STM32F4xx_HAL_Driver/Src/stm32f4xx_hal_tim.o
                0x08005000                HAL_TIM_Base_MspInit
 .text.HAL_TIM_Base_Start_IT
                0x08005014       0xe0 ./Drivers/STM32F4xx_HAL_Driver/Src/stm32f4xx_hal_tim.o
                0x08005014                HAL_TIM_Base_Start_IT
 .text.HAL_TIM_IRQHandler
                0x080050f4      0x1e0 ./Drivers/STM32F4xx_HAL_Driver/Src/stm32f4xx_hal_tim.o
                0x080050f4                HAL_TIM_IRQHandler
 .text.HAL_TIM_OC_DelayElapsedCallback
                0x080052d4       0x14 ./Drivers/STM32F4xx_HAL_Driver/Src/stm32f4xx_hal_tim.o
                0x080052d4                HAL_TIM_OC_DelayElapsedCallback
 .text.HAL_TIM_IC_CaptureCallback
                0x080052e8       0x14 ./Drivers/STM32F4xx_HAL_Driver/Src/stm32f4xx_hal_tim.o
                0x080052e8                HAL_TIM_IC_CaptureCallback
 .text.HAL_TIM_PWM_PulseFinishedCallback
                0x080052fc       0x14 ./Drivers/STM32F4xx_HAL_Driver/Src/stm32f4xx_hal_tim.o
                0x080052fc                HAL_TIM_PWM_PulseFinishedCallback
 .text.HAL_TIM_TriggerCallback
                0x08005310       0x14 ./Drivers/STM32F4xx_HAL_Driver/Src/stm32f4xx_hal_tim.o
                0x08005310                HAL_TIM_TriggerCallback
 .text.TIM_Base_SetConfig
                0x08005324      0x14c ./Drivers/STM32F4xx_HAL_Driver/Src/stm32f4xx_hal_tim.o
                0x08005324                TIM_Base_SetConfig
 .text.HAL_TIMEx_CommutCallback
                0x08005470       0x14 ./Drivers/STM32F4xx_HAL_Driver/Src/stm32f4xx_hal_tim_ex.o
                0x08005470                HAL_TIMEx_CommutCallback
 .text.HAL_TIMEx_BreakCallback
                0x08005484       0x14 ./Drivers/STM32F4xx_HAL_Driver/Src/stm32f4xx_hal_tim_ex.o
                0x08005484                HAL_TIMEx_BreakCallback
 .text.USB_CoreInit
                0x08005498       0xc8 ./Drivers/STM32F4xx_HAL_Driver/Src/stm32f4xx_ll_usb.o
                0x08005498                USB_CoreInit
 .text.USB_EnableGlobalInt
                0x08005560       0x22 ./Drivers/STM32F4xx_HAL_Driver/Src/stm32f4xx_ll_usb.o
                0x08005560                USB_EnableGlobalInt
 .text.USB_DisableGlobalInt
                0x08005582       0x22 ./Drivers/STM32F4xx_HAL_Driver/Src/stm32f4xx_ll_usb.o
                0x08005582                USB_DisableGlobalInt
 .text.USB_SetCurrentMode
                0x080055a4       0x98 ./Drivers/STM32F4xx_HAL_Driver/Src/stm32f4xx_ll_usb.o
                0x080055a4                USB_SetCurrentMode
 .text.USB_FlushTxFifo
                0x0800563c       0x64 ./Drivers/STM32F4xx_HAL_Driver/Src/stm32f4xx_ll_usb.o
                0x0800563c                USB_FlushTxFifo
 .text.USB_FlushRxFifo
                0x080056a0       0x5c ./Drivers/STM32F4xx_HAL_Driver/Src/stm32f4xx_ll_usb.o
                0x080056a0                USB_FlushRxFifo
 .text.USB_WritePacket
                0x080056fc       0x7c ./Drivers/STM32F4xx_HAL_Driver/Src/stm32f4xx_ll_usb.o
                0x080056fc                USB_WritePacket
 .text.USB_ReadPacket
                0x08005778       0xb0 ./Drivers/STM32F4xx_HAL_Driver/Src/stm32f4xx_ll_usb.o
                0x08005778                USB_ReadPacket
 .text.USB_ReadInterrupts
                0x08005828       0x26 ./Drivers/STM32F4xx_HAL_Driver/Src/stm32f4xx_ll_usb.o
                0x08005828                USB_ReadInterrupts
 .text.USB_ReadChInterrupts
                0x0800584e       0x42 ./Drivers/STM32F4xx_HAL_Driver/Src/stm32f4xx_ll_usb.o
                0x0800584e                USB_ReadChInterrupts
 .text.USB_GetMode
                0x08005890       0x1c ./Drivers/STM32F4xx_HAL_Driver/Src/stm32f4xx_ll_usb.o
                0x08005890                USB_GetMode
 .text.USB_CoreReset
                0x080058ac       0x70 ./Drivers/STM32F4xx_HAL_Driver/Src/stm32f4xx_ll_usb.o
 .text.USB_HostInit
                0x0800591c      0x188 ./Drivers/STM32F4xx_HAL_Driver/Src/stm32f4xx_ll_usb.o
                0x0800591c                USB_HostInit
 .text.USB_InitFSLSPClkSel
                0x08005aa4       0x7a ./Drivers/STM32F4xx_HAL_Driver/Src/stm32f4xx_ll_usb.o
                0x08005aa4                USB_InitFSLSPClkSel
 .text.USB_ResetPort
                0x08005b1e       0x54 ./Drivers/STM32F4xx_HAL_Driver/Src/stm32f4xx_ll_usb.o
                0x08005b1e                USB_ResetPort
 .text.USB_DriveVbus
                0x08005b72       0x72 ./Drivers/STM32F4xx_HAL_Driver/Src/stm32f4xx_ll_usb.o
                0x08005b72                USB_DriveVbus
 .text.USB_GetHostSpeed
                0x08005be4       0x2e ./Drivers/STM32F4xx_HAL_Driver/Src/stm32f4xx_ll_usb.o
                0x08005be4                USB_GetHostSpeed
 .text.USB_GetCurrentFrame
                0x08005c12       0x22 ./Drivers/STM32F4xx_HAL_Driver/Src/stm32f4xx_ll_usb.o
                0x08005c12                USB_GetCurrentFrame
 .text.USB_HC_Init
                0x08005c34      0x258 ./Drivers/STM32F4xx_HAL_Driver/Src/stm32f4xx_ll_usb.o
                0x08005c34                USB_HC_Init
 .text.USB_HC_StartXfer
                0x08005e8c      0x4f4 ./Drivers/STM32F4xx_HAL_Driver/Src/stm32f4xx_ll_usb.o
                0x08005e8c                USB_HC_StartXfer
 .text.USB_HC_ReadInterrupt
                0x08006380       0x22 ./Drivers/STM32F4xx_HAL_Driver/Src/stm32f4xx_ll_usb.o
                0x08006380                USB_HC_ReadInterrupt
 .text.USB_HC_Halt
                0x080063a2      0x240 ./Drivers/STM32F4xx_HAL_Driver/Src/stm32f4xx_ll_usb.o
                0x080063a2                USB_HC_Halt
 *fill*         0x080065e2        0x2 
 .text.USB_DoPing
                0x080065e4       0x78 ./Drivers/STM32F4xx_HAL_Driver/Src/stm32f4xx_ll_usb.o
                0x080065e4                USB_DoPing
 .text.USB_StopHost
                0x0800665c      0x124 ./Drivers/STM32F4xx_HAL_Driver/Src/stm32f4xx_ll_usb.o
                0x0800665c                USB_StopHost
 .text.USBH_CDC_InterfaceInit
                0x08006780      0x2ac ./Middlewares/ST/STM32_USB_Host_Library/Class/CDC/Src/usbh_cdc.o
 .text.USBH_CDC_InterfaceDeInit
                0x08006a2c       0xb2 ./Middlewares/ST/STM32_USB_Host_Library/Class/CDC/Src/usbh_cdc.o
 .text.USBH_CDC_ClassRequest
                0x08006ade       0x3e ./Middlewares/ST/STM32_USB_Host_Library/Class/CDC/Src/usbh_cdc.o
 .text.USBH_CDC_Process
                0x08006b1c      0x12c ./Middlewares/ST/STM32_USB_Host_Library/Class/CDC/Src/usbh_cdc.o
 .text.USBH_CDC_SOFProcess
                0x08006c48       0x16 ./Middlewares/ST/STM32_USB_Host_Library/Class/CDC/Src/usbh_cdc.o
 .text.GetLineCoding
                0x08006c5e       0x3e ./Middlewares/ST/STM32_USB_Host_Library/Class/CDC/Src/usbh_cdc.o
 .text.SetLineCoding
                0x08006c9c       0x3e ./Middlewares/ST/STM32_USB_Host_Library/Class/CDC/Src/usbh_cdc.o
 .text.CDC_ProcessTransmission
                0x08006cda       0xec ./Middlewares/ST/STM32_USB_Host_Library/Class/CDC/Src/usbh_cdc.o
 .text.CDC_ProcessReception
                0x08006dc6       0xb6 ./Middlewares/ST/STM32_USB_Host_Library/Class/CDC/Src/usbh_cdc.o
 .text.USBH_CDC_TransmitCallback
                0x08006e7c       0x14 ./Middlewares/ST/STM32_USB_Host_Library/Class/CDC/Src/usbh_cdc.o
                0x08006e7c                USBH_CDC_TransmitCallback
 .text.USBH_CDC_ReceiveCallback
                0x08006e90       0x14 ./Middlewares/ST/STM32_USB_Host_Library/Class/CDC/Src/usbh_cdc.o
                0x08006e90                USBH_CDC_ReceiveCallback
 .text.USBH_CDC_LineCodingChanged
                0x08006ea4       0x14 ./Middlewares/ST/STM32_USB_Host_Library/Class/CDC/Src/usbh_cdc.o
                0x08006ea4                USBH_CDC_LineCodingChanged
 .text.USBH_Init
                0x08006eb8       0x74 ./Middlewares/ST/STM32_USB_Host_Library/Core/Src/usbh_core.o
                0x08006eb8                USBH_Init
 .text.DeInitStateMachine
                0x08006f2c       0xe2 ./Middlewares/ST/STM32_USB_Host_Library/Core/Src/usbh_core.o
 .text.USBH_RegisterClass
                0x0800700e       0x54 ./Middlewares/ST/STM32_USB_Host_Library/Core/Src/usbh_core.o
                0x0800700e                USBH_RegisterClass
 .text.USBH_SelectInterface
                0x08007062       0x38 ./Middlewares/ST/STM32_USB_Host_Library/Core/Src/usbh_core.o
                0x08007062                USBH_SelectInterface
 .text.USBH_FindInterface
                0x0800709a       0x8c ./Middlewares/ST/STM32_USB_Host_Library/Core/Src/usbh_core.o
                0x0800709a                USBH_FindInterface
 .text.USBH_Start
                0x08007126       0x20 ./Middlewares/ST/STM32_USB_Host_Library/Core/Src/usbh_core.o
                0x08007126                USBH_Start
 *fill*         0x08007146        0x2 
 .text.USBH_Process
                0x08007148      0x3d4 ./Middlewares/ST/STM32_USB_Host_Library/Core/Src/usbh_core.o
                0x08007148                USBH_Process
 .text.USBH_HandleEnum
                0x0800751c      0x3c0 ./Middlewares/ST/STM32_USB_Host_Library/Core/Src/usbh_core.o
 .text.USBH_LL_SetTimer
                0x080078dc       0x1e ./Middlewares/ST/STM32_USB_Host_Library/Core/Src/usbh_core.o
                0x080078dc                USBH_LL_SetTimer
 .text.USBH_LL_IncTimer
                0x080078fa       0x24 ./Middlewares/ST/STM32_USB_Host_Library/Core/Src/usbh_core.o
                0x080078fa                USBH_LL_IncTimer
 .text.USBH_HandleSof
                0x0800791e       0x30 ./Middlewares/ST/STM32_USB_Host_Library/Core/Src/usbh_core.o
 .text.USBH_LL_PortEnabled
                0x0800794e       0x1c ./Middlewares/ST/STM32_USB_Host_Library/Core/Src/usbh_core.o
                0x0800794e                USBH_LL_PortEnabled
 .text.USBH_LL_PortDisabled
                0x0800796a       0x24 ./Middlewares/ST/STM32_USB_Host_Library/Core/Src/usbh_core.o
                0x0800796a                USBH_LL_PortDisabled
 .text.USBH_LL_Connect
                0x0800798e       0x2e ./Middlewares/ST/STM32_USB_Host_Library/Core/Src/usbh_core.o
                0x0800798e                USBH_LL_Connect
 .text.USBH_LL_Disconnect
                0x080079bc       0x48 ./Middlewares/ST/STM32_USB_Host_Library/Core/Src/usbh_core.o
                0x080079bc                USBH_LL_Disconnect
 .text.USBH_Get_DevDesc
                0x08007a04       0x58 ./Middlewares/ST/STM32_USB_Host_Library/Core/Src/usbh_ctlreq.o
                0x08007a04                USBH_Get_DevDesc
 .text.USBH_Get_CfgDesc
                0x08007a5c       0x54 ./Middlewares/ST/STM32_USB_Host_Library/Core/Src/usbh_ctlreq.o
                0x08007a5c                USBH_Get_CfgDesc
 .text.USBH_Get_StringDesc
                0x08007ab0       0x68 ./Middlewares/ST/STM32_USB_Host_Library/Core/Src/usbh_ctlreq.o
                0x08007ab0                USBH_Get_StringDesc
 .text.USBH_GetDescriptor
                0x08007b18       0x6a ./Middlewares/ST/STM32_USB_Host_Library/Core/Src/usbh_ctlreq.o
                0x08007b18                USBH_GetDescriptor
 .text.USBH_SetAddress
                0x08007b82       0x48 ./Middlewares/ST/STM32_USB_Host_Library/Core/Src/usbh_ctlreq.o
                0x08007b82                USBH_SetAddress
 .text.USBH_SetCfg
                0x08007bca       0x46 ./Middlewares/ST/STM32_USB_Host_Library/Core/Src/usbh_ctlreq.o
                0x08007bca                USBH_SetCfg
 .text.USBH_SetFeature
                0x08007c10       0x48 ./Middlewares/ST/STM32_USB_Host_Library/Core/Src/usbh_ctlreq.o
                0x08007c10                USBH_SetFeature
 .text.USBH_ClrFeature
                0x08007c58       0x48 ./Middlewares/ST/STM32_USB_Host_Library/Core/Src/usbh_ctlreq.o
                0x08007c58                USBH_ClrFeature
 .text.USBH_ParseDevDesc
                0x08007ca0      0x160 ./Middlewares/ST/STM32_USB_Host_Library/Core/Src/usbh_ctlreq.o
 .text.USBH_ParseCfgDesc
                0x08007e00      0x1f8 ./Middlewares/ST/STM32_USB_Host_Library/Core/Src/usbh_ctlreq.o
 .text.USBH_ParseInterfaceDesc
                0x08007ff8       0x5e ./Middlewares/ST/STM32_USB_Host_Library/Core/Src/usbh_ctlreq.o
 .text.USBH_ParseEPDesc
                0x08008056      0x1d0 ./Middlewares/ST/STM32_USB_Host_Library/Core/Src/usbh_ctlreq.o
 .text.USBH_ParseStringDesc
                0x08008226       0x66 ./Middlewares/ST/STM32_USB_Host_Library/Core/Src/usbh_ctlreq.o
 .text.USBH_GetNextDesc
                0x0800828c       0x34 ./Middlewares/ST/STM32_USB_Host_Library/Core/Src/usbh_ctlreq.o
                0x0800828c                USBH_GetNextDesc
 .text.USBH_CtlReq
                0x080082c0       0x7a ./Middlewares/ST/STM32_USB_Host_Library/Core/Src/usbh_ctlreq.o
                0x080082c0                USBH_CtlReq
 *fill*         0x0800833a        0x2 
 .text.USBH_HandleControl
                0x0800833c      0x2ec ./Middlewares/ST/STM32_USB_Host_Library/Core/Src/usbh_ctlreq.o
 .text.USBH_CtlSendSetup
                0x08008628       0x34 ./Middlewares/ST/STM32_USB_Host_Library/Core/Src/usbh_ioreq.o
                0x08008628                USBH_CtlSendSetup
 .text.USBH_CtlSendData
                0x0800865c       0x4a ./Middlewares/ST/STM32_USB_Host_Library/Core/Src/usbh_ioreq.o
                0x0800865c                USBH_CtlSendData
 .text.USBH_CtlReceiveData
                0x080086a6       0x3c ./Middlewares/ST/STM32_USB_Host_Library/Core/Src/usbh_ioreq.o
                0x080086a6                USBH_CtlReceiveData
 .text.USBH_BulkSendData
                0x080086e2       0x4a ./Middlewares/ST/STM32_USB_Host_Library/Core/Src/usbh_ioreq.o
                0x080086e2                USBH_BulkSendData
 .text.USBH_BulkReceiveData
                0x0800872c       0x3c ./Middlewares/ST/STM32_USB_Host_Library/Core/Src/usbh_ioreq.o
                0x0800872c                USBH_BulkReceiveData
 .text.USBH_OpenPipe
                0x08008768       0x3e ./Middlewares/ST/STM32_USB_Host_Library/Core/Src/usbh_pipes.o
                0x08008768                USBH_OpenPipe
 .text.USBH_ClosePipe
                0x080087a6       0x20 ./Middlewares/ST/STM32_USB_Host_Library/Core/Src/usbh_pipes.o
                0x080087a6                USBH_ClosePipe
 .text.USBH_AllocPipe
                0x080087c6       0x42 ./Middlewares/ST/STM32_USB_Host_Library/Core/Src/usbh_pipes.o
                0x080087c6                USBH_AllocPipe
 .text.USBH_FreePipe
                0x08008808       0x3c ./Middlewares/ST/STM32_USB_Host_Library/Core/Src/usbh_pipes.o
                0x08008808                USBH_FreePipe
 .text.USBH_GetFreePipe
                0x08008844       0x48 ./Middlewares/ST/STM32_USB_Host_Library/Core/Src/usbh_pipes.o
 .text.MX_USB_HOST_Init
                0x0800888c       0x4c ./USB_HOST/App/usb_host.o
                0x0800888c                MX_USB_HOST_Init
 .text.MX_USB_HOST_Process
                0x080088d8       0x14 ./USB_HOST/App/usb_host.o
                0x080088d8                MX_USB_HOST_Process
 .text.USBH_UserProcess
                0x080088ec       0x5c ./USB_HOST/App/usb_host.o
 .text.HAL_HCD_MspInit
                0x08008948       0xc4 ./USB_HOST/Target/usbh_conf.o
                0x08008948                HAL_HCD_MspInit
 .text.HAL_HCD_SOF_Callback
                0x08008a0c       0x1c ./USB_HOST/Target/usbh_conf.o
                0x08008a0c                HAL_HCD_SOF_Callback
 .text.HAL_HCD_Connect_Callback
                0x08008a28       0x1c ./USB_HOST/Target/usbh_conf.o
                0x08008a28                HAL_HCD_Connect_Callback
 .text.HAL_HCD_Disconnect_Callback
                0x08008a44       0x1c ./USB_HOST/Target/usbh_conf.o
                0x08008a44                HAL_HCD_Disconnect_Callback
 .text.HAL_HCD_HC_NotifyURBChange_Callback
                0x08008a60       0x1c ./USB_HOST/Target/usbh_conf.o
                0x08008a60                HAL_HCD_HC_NotifyURBChange_Callback
 .text.HAL_HCD_PortEnabled_Callback
                0x08008a7c       0x1c ./USB_HOST/Target/usbh_conf.o
                0x08008a7c                HAL_HCD_PortEnabled_Callback
 .text.HAL_HCD_PortDisabled_Callback
                0x08008a98       0x1c ./USB_HOST/Target/usbh_conf.o
                0x08008a98                HAL_HCD_PortDisabled_Callback
 .text.USBH_LL_Init
                0x08008ab4       0x78 ./USB_HOST/Target/usbh_conf.o
                0x08008ab4                USBH_LL_Init
 .text.USBH_LL_Start
                0x08008b2c       0x36 ./USB_HOST/Target/usbh_conf.o
                0x08008b2c                USBH_LL_Start
 .text.USBH_LL_Stop
                0x08008b62       0x36 ./USB_HOST/Target/usbh_conf.o
                0x08008b62                USBH_LL_Stop
 .text.USBH_LL_GetSpeed
                0x08008b98       0x4e ./USB_HOST/Target/usbh_conf.o
                0x08008b98                USBH_LL_GetSpeed
 .text.USBH_LL_ResetPort
                0x08008be6       0x36 ./USB_HOST/Target/usbh_conf.o
                0x08008be6                USBH_LL_ResetPort
 .text.USBH_LL_GetLastXferSize
                0x08008c1c       0x26 ./USB_HOST/Target/usbh_conf.o
                0x08008c1c                USBH_LL_GetLastXferSize
 .text.USBH_LL_OpenPipe
                0x08008c42       0x5e ./USB_HOST/Target/usbh_conf.o
                0x08008c42                USBH_LL_OpenPipe
 .text.USBH_LL_ClosePipe
                0x08008ca0       0x1a ./USB_HOST/Target/usbh_conf.o
                0x08008ca0                USBH_LL_ClosePipe
 .text.USBH_LL_SubmitURB
                0x08008cba       0x62 ./USB_HOST/Target/usbh_conf.o
                0x08008cba                USBH_LL_SubmitURB
 .text.USBH_LL_GetURBState
                0x08008d1c       0x26 ./USB_HOST/Target/usbh_conf.o
                0x08008d1c                USBH_LL_GetURBState
 .text.USBH_LL_DriverVBUS
                0x08008d42       0x2e ./USB_HOST/Target/usbh_conf.o
                0x08008d42                USBH_LL_DriverVBUS
 .text.USBH_LL_SetToggle
                0x08008d70       0x66 ./USB_HOST/Target/usbh_conf.o
                0x08008d70                USBH_LL_SetToggle
 .text.USBH_Delay
                0x08008dd6       0x16 ./USB_HOST/Target/usbh_conf.o
                0x08008dd6                USBH_Delay
 .text.USBH_Get_USB_Status
                0x08008dec       0x58 ./USB_HOST/Target/usbh_conf.o
                0x08008dec                USBH_Get_USB_Status
 .text.MX_DriverVbusFS
                0x08008e44       0x38 ./USB_HOST/Target/usbh_platform.o
                0x08008e44                MX_DriverVbusFS
 .text.vListInitialise
                0x08008e7c       0x40 ./rtos/list.o
                0x08008e7c                vListInitialise
 .text.vListInitialiseItem
                0x08008ebc       0x1a ./rtos/list.o
                0x08008ebc                vListInitialiseItem
 .text.vListInsert
                0x08008ed6       0x72 ./rtos/list.o
                0x08008ed6                vListInsert
 .text.uxListRemove
                0x08008f48       0x54 ./rtos/list.o
                0x08008f48                uxListRemove
 .text.prvCreateTask
                0x08008f9c       0x78 ./rtos/tasks.o
 .text.xTaskCreate
                0x08009014       0x46 ./rtos/tasks.o
                0x08009014                xTaskCreate
 .text.prvInitialiseNewTask
                0x0800905a      0x14a ./rtos/tasks.o
 .text.prvAddNewTaskToReadyList
                0x080091a4      0x130 ./rtos/tasks.o
 .text.vTaskDelay
                0x080092d4       0x6c ./rtos/tasks.o
                0x080092d4                vTaskDelay
 .text.prvCreateIdleTasks
                0x08009340       0xa8 ./rtos/tasks.o
 .text.vTaskStartScheduler
                0x080093e8       0x7c ./rtos/tasks.o
                0x080093e8                vTaskStartScheduler
 .text.vTaskSuspendAll
                0x08009464       0x1c ./rtos/tasks.o
                0x08009464                vTaskSuspendAll
 .text.xTaskResumeAll
                0x08009480      0x210 ./rtos/tasks.o
                0x08009480                xTaskResumeAll
 .text.xTaskIncrementTick
                0x08009690      0x234 ./rtos/tasks.o
                0x08009690                xTaskIncrementTick
 .text.vTaskSwitchContext
                0x080098c4       0xbc ./rtos/tasks.o
                0x080098c4                vTaskSwitchContext
 .text.prvIdleTask
                0x08009980       0x30 ./rtos/tasks.o
 .text.prvInitialiseTaskLists
                0x080099b0       0x80 ./rtos/tasks.o
 .text.prvCheckTasksWaitingTermination
                0x08009a30       0x5c ./rtos/tasks.o
 .text.prvDeleteTCB
                0x08009a8c       0x20 ./rtos/tasks.o
 .text.prvResetNextTaskUnblockTime
                0x08009aac       0x38 ./rtos/tasks.o
 .text.prvAddCurrentTaskToDelayedList
                0x08009ae4      0x104 ./rtos/tasks.o
 .text.pxPortInitialiseStack
                0x08009be8       0x68 ./rtos/portable/GCC/ARM_CM4F/port.o
                0x08009be8                pxPortInitialiseStack
 .text.prvTaskExitError
                0x08009c50       0x5c ./rtos/portable/GCC/ARM_CM4F/port.o
 .text.SVC_Handler
                0x08009cac       0x24 ./rtos/portable/GCC/ARM_CM4F/port.o
                0x08009cac                SVC_Handler
 .text.prvPortStartFirstTask
                0x08009cd0       0x2c ./rtos/portable/GCC/ARM_CM4F/port.o
 .text.xPortStartScheduler
                0x08009cfc      0x1e0 ./rtos/portable/GCC/ARM_CM4F/port.o
                0x08009cfc                xPortStartScheduler
 .text.vPortEnterCritical
                0x08009edc       0x64 ./rtos/portable/GCC/ARM_CM4F/port.o
                0x08009edc                vPortEnterCritical
 .text.vPortExitCritical
                0x08009f40       0x54 ./rtos/portable/GCC/ARM_CM4F/port.o
                0x08009f40                vPortExitCritical
 .text.PendSV_Handler
                0x08009f94       0x64 ./rtos/portable/GCC/ARM_CM4F/port.o
                0x08009f94                PendSV_Handler
 .text.SysTick_Handler
                0x08009ff8       0x44 ./rtos/portable/GCC/ARM_CM4F/port.o
                0x08009ff8                SysTick_Handler
 .text.vPortSetupTimerInterrupt
                0x0800a03c       0x48 ./rtos/portable/GCC/ARM_CM4F/port.o
                0x0800a03c                vPortSetupTimerInterrupt
 .text.vPortEnableVFP
                0x0800a084       0x18 ./rtos/portable/GCC/ARM_CM4F/port.o
 .text.pvPortMalloc
                0x0800a09c      0x270 ./rtos/portable/MemMang/heap_4.o
                0x0800a09c                pvPortMalloc
 .text.vPortFree
                0x0800a30c       0xec ./rtos/portable/MemMang/heap_4.o
                0x0800a30c                vPortFree
 .text.prvHeapInit
                0x0800a3f8       0xb4 ./rtos/portable/MemMang/heap_4.o
 .text.prvInsertBlockIntoFreeList
                0x0800a4ac       0xf4 ./rtos/portable/MemMang/heap_4.o
 .text.malloc   0x0800a5a0       0x10 /opt/st/stm32cubeide_1.19.0/plugins/com.st.stm32cube.ide.mcu.externaltools.gnu-tools-for-stm32.13.3.rel1.linux64_1.0.0.202410170706/tools/bin/../lib/gcc/arm-none-eabi/13.3.1/../../../../arm-none-eabi/lib/thumb/v7e-m+fp/hard/libc_nano.a(libc_a-malloc.o)
                0x0800a5a0                malloc
 .text.free     0x0800a5b0       0x10 /opt/st/stm32cubeide_1.19.0/plugins/com.st.stm32cube.ide.mcu.externaltools.gnu-tools-for-stm32.13.3.rel1.linux64_1.0.0.202410170706/tools/bin/../lib/gcc/arm-none-eabi/13.3.1/../../../../arm-none-eabi/lib/thumb/v7e-m+fp/hard/libc_nano.a(libc_a-malloc.o)
                0x0800a5b0                free
 .text.sbrk_aligned
                0x0800a5c0       0x44 /opt/st/stm32cubeide_1.19.0/plugins/com.st.stm32cube.ide.mcu.externaltools.gnu-tools-for-stm32.13.3.rel1.linux64_1.0.0.202410170706/tools/bin/../lib/gcc/arm-none-eabi/13.3.1/../../../../arm-none-eabi/lib/thumb/v7e-m+fp/hard/libc_nano.a(libc_a-mallocr.o)
 .text._malloc_r
                0x0800a604      0x100 /opt/st/stm32cubeide_1.19.0/plugins/com.st.stm32cube.ide.mcu.externaltools.gnu-tools-for-stm32.13.3.rel1.linux64_1.0.0.202410170706/tools/bin/../lib/gcc/arm-none-eabi/13.3.1/../../../../arm-none-eabi/lib/thumb/v7e-m+fp/hard/libc_nano.a(libc_a-mallocr.o)
                0x0800a604                _malloc_r
 .text.__malloc_lock
                0x0800a704        0xc /opt/st/stm32cubeide_1.19.0/plugins/com.st.stm32cube.ide.mcu.externaltools.gnu-tools-for-stm32.13.3.rel1.linux64_1.0.0.202410170706/tools/bin/../lib/gcc/arm-none-eabi/13.3.1/../../../../arm-none-eabi/lib/thumb/v7e-m+fp/hard/libc_nano.a(libc_a-mlock.o)
                0x0800a704                __malloc_lock
 .text.__malloc_unlock
                0x0800a710        0xc /opt/st/stm32cubeide_1.19.0/plugins/com.st.stm32cube.ide.mcu.externaltools.gnu-tools-for-stm32.13.3.rel1.linux64_1.0.0.202410170706/tools/bin/../lib/gcc/arm-none-eabi/13.3.1/../../../../arm-none-eabi/lib/thumb/v7e-m+fp/hard/libc_nano.a(libc_a-mlock.o)
                0x0800a710                __malloc_unlock
 .text.memset   0x0800a71c       0x10 /opt/st/stm32cubeide_1.19.0/plugins/com.st.stm32cube.ide.mcu.externaltools.gnu-tools-for-stm32.13.3.rel1.linux64_1.0.0.202410170706/tools/bin/../lib/gcc/arm-none-eabi/13.3.1/../../../../arm-none-eabi/lib/thumb/v7e-m+fp/hard/libc_nano.a(libc_a-memset.o)
                0x0800a71c                memset
 .text._sbrk_r  0x0800a72c       0x20 /opt/st/stm32cubeide_1.19.0/plugins/com.st.stm32cube.ide.mcu.externaltools.gnu-tools-for-stm32.13.3.rel1.linux64_1.0.0.202410170706/tools/bin/../lib/gcc/arm-none-eabi/13.3.1/../../../../arm-none-eabi/lib/thumb/v7e-m+fp/hard/libc_nano.a(libc_a-sbrkr.o)
                0x0800a72c                _sbrk_r
 .text.__libc_init_array
                0x0800a74c       0x48 /opt/st/stm32cubeide_1.19.0/plugins/com.st.stm32cube.ide.mcu.externaltools.gnu-tools-for-stm32.13.3.rel1.linux64_1.0.0.202410170706/tools/bin/../lib/gcc/arm-none-eabi/13.3.1/../../../../arm-none-eabi/lib/thumb/v7e-m+fp/hard/libc_nano.a(libc_a-init.o)
                0x0800a74c                __libc_init_array
 .text.__retarget_lock_acquire_recursive
                0x0800a794        0x2 /opt/st/stm32cubeide_1.19.0/plugins/com.st.stm32cube.ide.mcu.externaltools.gnu-tools-for-stm32.13.3.rel1.linux64_1.0.0.202410170706/tools/bin/../lib/gcc/arm-none-eabi/13.3.1/../../../../arm-none-eabi/lib/thumb/v7e-m+fp/hard/libc_nano.a(libc_a-lock.o)
                0x0800a794                __retarget_lock_acquire_recursive
 .text.__retarget_lock_release_recursive
                0x0800a796        0x2 /opt/st/stm32cubeide_1.19.0/plugins/com.st.stm32cube.ide.mcu.externaltools.gnu-tools-for-stm32.13.3.rel1.linux64_1.0.0.202410170706/tools/bin/../lib/gcc/arm-none-eabi/13.3.1/../../../../arm-none-eabi/lib/thumb/v7e-m+fp/hard/libc_nano.a(libc_a-lock.o)
                0x0800a796                __retarget_lock_release_recursive
 .text._free_r  0x0800a798       0x94 /opt/st/stm32cubeide_1.19.0/plugins/com.st.stm32cube.ide.mcu.externaltools.gnu-tools-for-stm32.13.3.rel1.linux64_1.0.0.202410170706/tools/bin/../lib/gcc/arm-none-eabi/13.3.1/../../../../arm-none-eabi/lib/thumb/v7e-m+fp/hard/libc_nano.a(libc_a-freer.o)
                0x0800a798                _free_r
 .text._sbrk    0x0800a82c       0x1c /opt/st/stm32cubeide_1.19.0/plugins/com.st.stm32cube.ide.mcu.externaltools.gnu-tools-for-stm32.13.3.rel1.linux64_1.0.0.202410170706/tools/bin/../lib/gcc/arm-none-eabi/13.3.1/../../../../arm-none-eabi/lib/thumb/v7e-m+fp/hard/libnosys.a(sbrk.o)
                0x0800a82c                _sbrk
 *(.glue_7)
 .glue_7        0x0800a848        0x0 linker stubs
 *(.glue_7t)
 .glue_7t       0x0800a848        0x0 linker stubs
 *(.eh_frame)
 .eh_frame      0x0800a848        0x0 /opt/st/stm32cubeide_1.19.0/plugins/com.st.stm32cube.ide.mcu.externaltools.gnu-tools-for-stm32.13.3.rel1.linux64_1.0.0.202410170706/tools/bin/../lib/gcc/arm-none-eabi/13.3.1/thumb/v7e-m+fp/hard/crtbegin.o
 *(.init)
 .init          0x0800a848        0x4 /opt/st/stm32cubeide_1.19.0/plugins/com.st.stm32cube.ide.mcu.externaltools.gnu-tools-for-stm32.13.3.rel1.linux64_1.0.0.202410170706/tools/bin/../lib/gcc/arm-none-eabi/13.3.1/thumb/v7e-m+fp/hard/crti.o
                0x0800a848                _init
 .init          0x0800a84c        0x8 /opt/st/stm32cubeide_1.19.0/plugins/com.st.stm32cube.ide.mcu.externaltools.gnu-tools-for-stm32.13.3.rel1.linux64_1.0.0.202410170706/tools/bin/../lib/gcc/arm-none-eabi/13.3.1/thumb/v7e-m+fp/hard/crtn.o
 *(.fini)
 .fini          0x0800a854        0x4 /opt/st/stm32cubeide_1.19.0/plugins/com.st.stm32cube.ide.mcu.externaltools.gnu-tools-for-stm32.13.3.rel1.linux64_1.0.0.202410170706/tools/bin/../lib/gcc/arm-none-eabi/13.3.1/thumb/v7e-m+fp/hard/crti.o
                0x0800a854                _fini
 .fini          0x0800a858        0x8 /opt/st/stm32cubeide_1.19.0/plugins/com.st.stm32cube.ide.mcu.externaltools.gnu-tools-for-stm32.13.3.rel1.linux64_1.0.0.202410170706/tools/bin/../lib/gcc/arm-none-eabi/13.3.1/thumb/v7e-m+fp/hard/crtn.o
                0x0800a860                        . = ALIGN (0x4)
                0x0800a860                        _etext = .

.vfp11_veneer   0x0800a860        0x0
 .vfp11_veneer  0x0800a860        0x0 linker stubs

.v4_bx          0x0800a860        0x0
 .v4_bx         0x0800a860        0x0 linker stubs

.iplt           0x0800a860        0x0
 .iplt          0x0800a860        0x0 /opt/st/stm32cubeide_1.19.0/plugins/com.st.stm32cube.ide.mcu.externaltools.gnu-tools-for-stm32.13.3.rel1.linux64_1.0.0.202410170706/tools/bin/../lib/gcc/arm-none-eabi/13.3.1/thumb/v7e-m+fp/hard/crtbegin.o

.rodata         0x0800a860       0x38
                0x0800a860                        . = ALIGN (0x4)
 *(.rodata)
 .rodata        0x0800a860        0xf ./Core/Src/main.o
 *fill*         0x0800a86f        0x1 
 .rodata        0x0800a870        0x4 ./Middlewares/ST/STM32_USB_Host_Library/Class/CDC/Src/usbh_cdc.o
 .rodata        0x0800a874        0x5 ./rtos/tasks.o
 *(.rodata*)
 *fill*         0x0800a879        0x3 
 .rodata.AHBPrescTable
                0x0800a87c       0x10 ./Core/Src/system_stm32f4xx.o
                0x0800a87c                AHBPrescTable
 .rodata.APBPrescTable
                0x0800a88c        0x8 ./Core/Src/system_stm32f4xx.o
                0x0800a88c                APBPrescTable
 .rodata.uxTopUsedPriority
                0x0800a894        0x4 ./rtos/tasks.o
                0x0800a898                        . = ALIGN (0x4)

.ARM.extab      0x0800a898        0x0
                0x0800a898                        . = ALIGN (0x4)
 *(.ARM.extab* .gnu.linkonce.armextab.*)
                0x0800a898                        . = ALIGN (0x4)

.ARM            0x0800a898        0x8
                0x0800a898                        . = ALIGN (0x4)
                0x0800a898                        __exidx_start = .
 *(.ARM.exidx*)
 .ARM.exidx     0x0800a898        0x8 /opt/st/stm32cubeide_1.19.0/plugins/com.st.stm32cube.ide.mcu.externaltools.gnu-tools-for-stm32.13.3.rel1.linux64_1.0.0.202410170706/tools/bin/../lib/gcc/arm-none-eabi/13.3.1/thumb/v7e-m+fp/hard/libgcc.a(_udivmoddi4.o)
                0x0800a8a0                        __exidx_end = .
                0x0800a8a0                        . = ALIGN (0x4)

.preinit_array  0x0800a8a0        0x0
                0x0800a8a0                        . = ALIGN (0x4)
                0x0800a8a0                        PROVIDE (__preinit_array_start = .)
 *(.preinit_array*)
                0x0800a8a0                        PROVIDE (__preinit_array_end = .)
                0x0800a8a0                        . = ALIGN (0x4)

.init_array     0x0800a8a0        0x4
                0x0800a8a0                        . = ALIGN (0x4)
                0x0800a8a0                        PROVIDE (__init_array_start = .)
 *(SORT_BY_NAME(.init_array.*))
 *(.init_array*)
 .init_array    0x0800a8a0        0x4 /opt/st/stm32cubeide_1.19.0/plugins/com.st.stm32cube.ide.mcu.externaltools.gnu-tools-for-stm32.13.3.rel1.linux64_1.0.0.202410170706/tools/bin/../lib/gcc/arm-none-eabi/13.3.1/thumb/v7e-m+fp/hard/crtbegin.o
                0x0800a8a4                        PROVIDE (__init_array_end = .)
                0x0800a8a4                        . = ALIGN (0x4)

.fini_array     0x0800a8a4        0x4
                0x0800a8a4                        . = ALIGN (0x4)
                [!provide]                        PROVIDE (__fini_array_start = .)
 *(SORT_BY_NAME(.fini_array.*))
 *(.fini_array*)
 .fini_array    0x0800a8a4        0x4 /opt/st/stm32cubeide_1.19.0/plugins/com.st.stm32cube.ide.mcu.externaltools.gnu-tools-for-stm32.13.3.rel1.linux64_1.0.0.202410170706/tools/bin/../lib/gcc/arm-none-eabi/13.3.1/thumb/v7e-m+fp/hard/crtbegin.o
                [!provide]                        PROVIDE (__fini_array_end = .)
                0x0800a8a8                        . = ALIGN (0x4)
                0x0800a8a8                        _sidata = LOADADDR (.data)

.rel.dyn        0x0800a8a8        0x0
 .rel.iplt      0x0800a8a8        0x0 /opt/st/stm32cubeide_1.19.0/plugins/com.st.stm32cube.ide.mcu.externaltools.gnu-tools-for-stm32.13.3.rel1.linux64_1.0.0.202410170706/tools/bin/../lib/gcc/arm-none-eabi/13.3.1/thumb/v7e-m+fp/hard/crtbegin.o

.data           0x20000000       0x80 load address 0x0800a8a8
                0x20000000                        . = ALIGN (0x4)
                0x20000000                        _sdata = .
 *(.data)
 *(.data*)
 .data.SystemCoreClock
                0x20000000        0x4 ./Core/Src/system_stm32f4xx.o
                0x20000000                SystemCoreClock
 .data.uwTickPrio
                0x20000004        0x4 ./Drivers/STM32F4xx_HAL_Driver/Src/stm32f4xx_hal.o
                0x20000004                uwTickPrio
 .data.uwTickFreq
                0x20000008        0x1 ./Drivers/STM32F4xx_HAL_Driver/Src/stm32f4xx_hal.o
                0x20000008                uwTickFreq
 *fill*         0x20000009        0x3 
 .data.CDC_Class
                0x2000000c       0x20 ./Middlewares/ST/STM32_USB_Host_Library/Class/CDC/Src/usbh_cdc.o
                0x2000000c                CDC_Class
 .data.uxCriticalNesting
                0x2000002c        0x4 ./rtos/portable/GCC/ARM_CM4F/port.o
 .data._impure_ptr
                0x20000030        0x4 /opt/st/stm32cubeide_1.19.0/plugins/com.st.stm32cube.ide.mcu.externaltools.gnu-tools-for-stm32.13.3.rel1.linux64_1.0.0.202410170706/tools/bin/../lib/gcc/arm-none-eabi/13.3.1/../../../../arm-none-eabi/lib/thumb/v7e-m+fp/hard/libc_nano.a(libc_a-impure.o)
                0x20000030                _impure_ptr
 .data._impure_data
                0x20000034       0x4c /opt/st/stm32cubeide_1.19.0/plugins/com.st.stm32cube.ide.mcu.externaltools.gnu-tools-for-stm32.13.3.rel1.linux64_1.0.0.202410170706/tools/bin/../lib/gcc/arm-none-eabi/13.3.1/../../../../arm-none-eabi/lib/thumb/v7e-m+fp/hard/libc_nano.a(libc_a-impure.o)
                0x20000034                _impure_data
 *(.RamFunc)
 *(.RamFunc*)
                0x20000080                        . = ALIGN (0x4)
                0x20000080                        _edata = .
                0x0800a928                        _siccmram = LOADADDR (.ccmram)

.igot.plt       0x20000080        0x0 load address 0x0800a928
 .igot.plt      0x20000080        0x0 /opt/st/stm32cubeide_1.19.0/plugins/com.st.stm32cube.ide.mcu.externaltools.gnu-tools-for-stm32.13.3.rel1.linux64_1.0.0.202410170706/tools/bin/../lib/gcc/arm-none-eabi/13.3.1/thumb/v7e-m+fp/hard/crtbegin.o

.ccmram         0x10000000        0x0 load address 0x0800a928
                0x10000000                        . = ALIGN (0x4)
                0x10000000                        _sccmram = .
 *(.ccmram)
 *(.ccmram*)
                0x10000000                        . = ALIGN (0x4)
                0x10000000                        _eccmram = .
                0x10000000                        . = ALIGN (0x4)

.bss            0x20000080    0x1378c
                0x20000080                        _sbss = .
                0x20000080                        __bss_start__ = _sbss
 *(.bss)
 .bss           0x20000080       0x1c /opt/st/stm32cubeide_1.19.0/plugins/com.st.stm32cube.ide.mcu.externaltools.gnu-tools-for-stm32.13.3.rel1.linux64_1.0.0.202410170706/tools/bin/../lib/gcc/arm-none-eabi/13.3.1/thumb/v7e-m+fp/hard/crtbegin.o
 *(.bss*)
 .bss.hi2c1     0x2000009c       0x54 ./Core/Src/main.o
                0x2000009c                hi2c1
 .bss.hi2s3     0x200000f0       0x48 ./Core/Src/main.o
                0x200000f0                hi2s3
 .bss.hspi1     0x20000138       0x58 ./Core/Src/main.o
                0x20000138                hspi1
 .bss.htim6     0x20000190       0x48 ./Core/Src/stm32f4xx_hal_timebase_tim.o
                0x20000190                htim6
 .bss.uwTick    0x200001d8        0x4 ./Drivers/STM32F4xx_HAL_Driver/Src/stm32f4xx_hal.o
                0x200001d8                uwTick
 .bss.hUsbHostFS
                0x200001dc      0x3d8 ./USB_HOST/App/usb_host.o
                0x200001dc                hUsbHostFS
 .bss.Appli_state
                0x200005b4        0x1 ./USB_HOST/App/usb_host.o
                0x200005b4                Appli_state
 *fill*         0x200005b5        0x3 
 .bss.hhcd_USB_OTG_FS
                0x200005b8      0x3e0 ./USB_HOST/Target/usbh_conf.o
                0x200005b8                hhcd_USB_OTG_FS
 .bss.pxCurrentTCB
                0x20000998        0x4 ./rtos/tasks.o
                0x20000998                pxCurrentTCB
 .bss.pxReadyTasksLists
                0x2000099c       0x64 ./rtos/tasks.o
 .bss.xDelayedTaskList1
                0x20000a00       0x14 ./rtos/tasks.o
 .bss.xDelayedTaskList2
                0x20000a14       0x14 ./rtos/tasks.o
 .bss.pxDelayedTaskList
                0x20000a28        0x4 ./rtos/tasks.o
 .bss.pxOverflowDelayedTaskList
                0x20000a2c        0x4 ./rtos/tasks.o
 .bss.xPendingReadyList
                0x20000a30       0x14 ./rtos/tasks.o
 .bss.xTasksWaitingTermination
                0x20000a44       0x14 ./rtos/tasks.o
 .bss.uxDeletedTasksWaitingCleanUp
                0x20000a58        0x4 ./rtos/tasks.o
 .bss.xSuspendedTaskList
                0x20000a5c       0x14 ./rtos/tasks.o
 .bss.uxCurrentNumberOfTasks
                0x20000a70        0x4 ./rtos/tasks.o
 .bss.xTickCount
                0x20000a74        0x4 ./rtos/tasks.o
 .bss.uxTopReadyPriority
                0x20000a78        0x4 ./rtos/tasks.o
 .bss.xSchedulerRunning
                0x20000a7c        0x4 ./rtos/tasks.o
 .bss.xPendedTicks
                0x20000a80        0x4 ./rtos/tasks.o
 .bss.xYieldPendings
                0x20000a84        0x4 ./rtos/tasks.o
 .bss.xNumOfOverflows
                0x20000a88        0x4 ./rtos/tasks.o
 .bss.uxTaskNumber
                0x20000a8c        0x4 ./rtos/tasks.o
 .bss.xNextTaskUnblockTime
                0x20000a90        0x4 ./rtos/tasks.o
 .bss.xIdleTaskHandles
                0x20000a94        0x4 ./rtos/tasks.o
 .bss.uxSchedulerSuspended
                0x20000a98        0x4 ./rtos/tasks.o
 .bss.ucMaxSysCallPriority
                0x20000a9c        0x1 ./rtos/portable/GCC/ARM_CM4F/port.o
 *fill*         0x20000a9d        0x3 
 .bss.ulMaxPRIGROUPValue
                0x20000aa0        0x4 ./rtos/portable/GCC/ARM_CM4F/port.o
 .bss.ucHeap    0x20000aa4    0x12c00 ./rtos/portable/MemMang/heap_4.o
 .bss.xStart    0x200136a4        0x8 ./rtos/portable/MemMang/heap_4.o
 .bss.pxEnd     0x200136ac        0x4 ./rtos/portable/MemMang/heap_4.o
 .bss.xFreeBytesRemaining
                0x200136b0        0x4 ./rtos/portable/MemMang/heap_4.o
 .bss.xMinimumEverFreeBytesRemaining
                0x200136b4        0x4 ./rtos/portable/MemMang/heap_4.o
 .bss.xNumberOfSuccessfulAllocations
                0x200136b8        0x4 ./rtos/portable/MemMang/heap_4.o
 .bss.xNumberOfSuccessfulFrees
                0x200136bc        0x4 ./rtos/portable/MemMang/heap_4.o
 .bss.__malloc_sbrk_start
                0x200136c0        0x4 /opt/st/stm32cubeide_1.19.0/plugins/com.st.stm32cube.ide.mcu.externaltools.gnu-tools-for-stm32.13.3.rel1.linux64_1.0.0.202410170706/tools/bin/../lib/gcc/arm-none-eabi/13.3.1/../../../../arm-none-eabi/lib/thumb/v7e-m+fp/hard/libc_nano.a(libc_a-mallocr.o)
                0x200136c0                __malloc_sbrk_start
 .bss.__malloc_free_list
                0x200136c4        0x4 /opt/st/stm32cubeide_1.19.0/plugins/com.st.stm32cube.ide.mcu.externaltools.gnu-tools-for-stm32.13.3.rel1.linux64_1.0.0.202410170706/tools/bin/../lib/gcc/arm-none-eabi/13.3.1/../../../../arm-none-eabi/lib/thumb/v7e-m+fp/hard/libc_nano.a(libc_a-mallocr.o)
                0x200136c4                __malloc_free_list
 .bss.__sf      0x200136c8      0x138 /opt/st/stm32cubeide_1.19.0/plugins/com.st.stm32cube.ide.mcu.externaltools.gnu-tools-for-stm32.13.3.rel1.linux64_1.0.0.202410170706/tools/bin/../lib/gcc/arm-none-eabi/13.3.1/../../../../arm-none-eabi/lib/thumb/v7e-m+fp/hard/libc_nano.a(libc_a-findfp.o)
                0x200136c8                __sf
 .bss.errno     0x20013800        0x4 /opt/st/stm32cubeide_1.19.0/plugins/com.st.stm32cube.ide.mcu.externaltools.gnu-tools-for-stm32.13.3.rel1.linux64_1.0.0.202410170706/tools/bin/../lib/gcc/arm-none-eabi/13.3.1/../../../../arm-none-eabi/lib/thumb/v7e-m+fp/hard/libc_nano.a(libc_a-reent.o)
                0x20013800                errno
 .bss.__lock___malloc_recursive_mutex
                0x20013804        0x1 /opt/st/stm32cubeide_1.19.0/plugins/com.st.stm32cube.ide.mcu.externaltools.gnu-tools-for-stm32.13.3.rel1.linux64_1.0.0.202410170706/tools/bin/../lib/gcc/arm-none-eabi/13.3.1/../../../../arm-none-eabi/lib/thumb/v7e-m+fp/hard/libc_nano.a(libc_a-lock.o)
                0x20013804                __lock___malloc_recursive_mutex
 *fill*         0x20013805        0x3 
 .bss.heap_end.0
                0x20013808        0x4 /opt/st/stm32cubeide_1.19.0/plugins/com.st.stm32cube.ide.mcu.externaltools.gnu-tools-for-stm32.13.3.rel1.linux64_1.0.0.202410170706/tools/bin/../lib/gcc/arm-none-eabi/13.3.1/../../../../arm-none-eabi/lib/thumb/v7e-m+fp/hard/libnosys.a(sbrk.o)
 *(COMMON)
                0x2001380c                        . = ALIGN (0x4)
                0x2001380c                        _ebss = .
                0x2001380c                        __bss_end__ = _ebss

._user_heap_stack
                0x2001380c      0x604
                0x20013810                        . = ALIGN (0x8)
 *fill*         0x2001380c        0x4 
                0x20013810                        PROVIDE (end = .)
                [!provide]                        PROVIDE (_end = .)
                0x20013a10                        . = (. + _Min_Heap_Size)
 *fill*         0x20013810      0x200 
                0x20013e10                        . = (. + _Min_Stack_Size)
 *fill*         0x20013a10      0x400 
                0x20013e10                        . = ALIGN (0x8)

/DISCARD/
 libc.a(*)
 libm.a(*)
 libgcc.a(*)

.ARM.attributes
                0x00000000       0x30
 *(.ARM.attributes)
 .ARM.attributes
                0x00000000       0x22 /opt/st/stm32cubeide_1.19.0/plugins/com.st.stm32cube.ide.mcu.externaltools.gnu-tools-for-stm32.13.3.rel1.linux64_1.0.0.202410170706/tools/bin/../lib/gcc/arm-none-eabi/13.3.1/thumb/v7e-m+fp/hard/crti.o
 .ARM.attributes
                0x00000022       0x34 /opt/st/stm32cubeide_1.19.0/plugins/com.st.stm32cube.ide.mcu.externaltools.gnu-tools-for-stm32.13.3.rel1.linux64_1.0.0.202410170706/tools/bin/../lib/gcc/arm-none-eabi/13.3.1/thumb/v7e-m+fp/hard/crtbegin.o
 .ARM.attributes
                0x00000056       0x34 ./Core/Src/main.o
 .ARM.attributes
                0x0000008a       0x34 ./Core/Src/stm32f4xx_hal_msp.o
 .ARM.attributes
                0x000000be       0x34 ./Core/Src/stm32f4xx_hal_timebase_tim.o
 .ARM.attributes
                0x000000f2       0x34 ./Core/Src/stm32f4xx_it.o
 .ARM.attributes
                0x00000126       0x34 ./Core/Src/system_stm32f4xx.o
 .ARM.attributes
                0x0000015a       0x21 ./Core/Startup/startup_stm32f407vgtx.o
 .ARM.attributes
                0x0000017b       0x34 ./Drivers/STM32F4xx_HAL_Driver/Src/stm32f4xx_hal.o
 .ARM.attributes
                0x000001af       0x34 ./Drivers/STM32F4xx_HAL_Driver/Src/stm32f4xx_hal_cortex.o
 .ARM.attributes
                0x000001e3       0x34 ./Drivers/STM32F4xx_HAL_Driver/Src/stm32f4xx_hal_gpio.o
 .ARM.attributes
                0x00000217       0x34 ./Drivers/STM32F4xx_HAL_Driver/Src/stm32f4xx_hal_hcd.o
 .ARM.attributes
                0x0000024b       0x34 ./Drivers/STM32F4xx_HAL_Driver/Src/stm32f4xx_hal_i2c.o
 .ARM.attributes
                0x0000027f       0x34 ./Drivers/STM32F4xx_HAL_Driver/Src/stm32f4xx_hal_i2s.o
 .ARM.attributes
                0x000002b3       0x34 ./Drivers/STM32F4xx_HAL_Driver/Src/stm32f4xx_hal_i2s_ex.o
 .ARM.attributes
                0x000002e7       0x34 ./Drivers/STM32F4xx_HAL_Driver/Src/stm32f4xx_hal_rcc.o
 .ARM.attributes
                0x0000031b       0x34 ./Drivers/STM32F4xx_HAL_Driver/Src/stm32f4xx_hal_rcc_ex.o
 .ARM.attributes
                0x0000034f       0x34 ./Drivers/STM32F4xx_HAL_Driver/Src/stm32f4xx_hal_spi.o
 .ARM.attributes
                0x00000383       0x34 ./Drivers/STM32F4xx_HAL_Driver/Src/stm32f4xx_hal_tim.o
 .ARM.attributes
                0x000003b7       0x34 ./Drivers/STM32F4xx_HAL_Driver/Src/stm32f4xx_hal_tim_ex.o
 .ARM.attributes
                0x000003eb       0x34 ./Drivers/STM32F4xx_HAL_Driver/Src/stm32f4xx_ll_usb.o
 .ARM.attributes
                0x0000041f       0x34 ./Middlewares/ST/STM32_USB_Host_Library/Class/CDC/Src/usbh_cdc.o
 .ARM.attributes
                0x00000453       0x34 ./Middlewares/ST/STM32_USB_Host_Library/Core/Src/usbh_core.o
 .ARM.attributes
                0x00000487       0x34 ./Middlewares/ST/STM32_USB_Host_Library/Core/Src/usbh_ctlreq.o
 .ARM.attributes
                0x000004bb       0x34 ./Middlewares/ST/STM32_USB_Host_Library/Core/Src/usbh_ioreq.o
 .ARM.attributes
                0x000004ef       0x34 ./Middlewares/ST/STM32_USB_Host_Library/Core/Src/usbh_pipes.o
 .ARM.attributes
                0x00000523       0x34 ./USB_HOST/App/usb_host.o
 .ARM.attributes
                0x00000557       0x34 ./USB_HOST/Target/usbh_conf.o
 .ARM.attributes
                0x0000058b       0x34 ./USB_HOST/Target/usbh_platform.o
 .ARM.attributes
                0x000005bf       0x34 ./rtos/list.o
 .ARM.attributes
                0x000005f3       0x34 ./rtos/tasks.o
 .ARM.attributes
                0x00000627       0x34 ./rtos/portable/GCC/ARM_CM4F/port.o
 .ARM.attributes
                0x0000065b       0x34 ./rtos/portable/MemMang/heap_4.o
 .ARM.attributes
                0x0000068f       0x34 /opt/st/stm32cubeide_1.19.0/plugins/com.st.stm32cube.ide.mcu.externaltools.gnu-tools-for-stm32.13.3.rel1.linux64_1.0.0.202410170706/tools/bin/../lib/gcc/arm-none-eabi/13.3.1/../../../../arm-none-eabi/lib/thumb/v7e-m+fp/hard/libc_nano.a(libc_a-malloc.o)
 .ARM.attributes
                0x000006c3       0x34 /opt/st/stm32cubeide_1.19.0/plugins/com.st.stm32cube.ide.mcu.externaltools.gnu-tools-for-stm32.13.3.rel1.linux64_1.0.0.202410170706/tools/bin/../lib/gcc/arm-none-eabi/13.3.1/../../../../arm-none-eabi/lib/thumb/v7e-m+fp/hard/libc_nano.a(libc_a-mallocr.o)
 .ARM.attributes
                0x000006f7       0x34 /opt/st/stm32cubeide_1.19.0/plugins/com.st.stm32cube.ide.mcu.externaltools.gnu-tools-for-stm32.13.3.rel1.linux64_1.0.0.202410170706/tools/bin/../lib/gcc/arm-none-eabi/13.3.1/../../../../arm-none-eabi/lib/thumb/v7e-m+fp/hard/libc_nano.a(libc_a-mlock.o)
 .ARM.attributes
                0x0000072b       0x34 /opt/st/stm32cubeide_1.19.0/plugins/com.st.stm32cube.ide.mcu.externaltools.gnu-tools-for-stm32.13.3.rel1.linux64_1.0.0.202410170706/tools/bin/../lib/gcc/arm-none-eabi/13.3.1/../../../../arm-none-eabi/lib/thumb/v7e-m+fp/hard/libc_nano.a(libc_a-findfp.o)
 .ARM.attributes
                0x0000075f       0x34 /opt/st/stm32cubeide_1.19.0/plugins/com.st.stm32cube.ide.mcu.externaltools.gnu-tools-for-stm32.13.3.rel1.linux64_1.0.0.202410170706/tools/bin/../lib/gcc/arm-none-eabi/13.3.1/../../../../arm-none-eabi/lib/thumb/v7e-m+fp/hard/libc_nano.a(libc_a-memset.o)
 .ARM.attributes
                0x00000793       0x34 /opt/st/stm32cubeide_1.19.0/plugins/com.st.stm32cube.ide.mcu.externaltools.gnu-tools-for-stm32.13.3.rel1.linux64_1.0.0.202410170706/tools/bin/../lib/gcc/arm-none-eabi/13.3.1/../../../../arm-none-eabi/lib/thumb/v7e-m+fp/hard/libc_nano.a(libc_a-reent.o)
 .ARM.attributes
                0x000007c7       0x34 /opt/st/stm32cubeide_1.19.0/plugins/com.st.stm32cube.ide.mcu.externaltools.gnu-tools-for-stm32.13.3.rel1.linux64_1.0.0.202410170706/tools/bin/../lib/gcc/arm-none-eabi/13.3.1/../../../../arm-none-eabi/lib/thumb/v7e-m+fp/hard/libc_nano.a(libc_a-impure.o)
 .ARM.attributes
                0x000007fb       0x34 /opt/st/stm32cubeide_1.19.0/plugins/com.st.stm32cube.ide.mcu.externaltools.gnu-tools-for-stm32.13.3.rel1.linux64_1.0.0.202410170706/tools/bin/../lib/gcc/arm-none-eabi/13.3.1/../../../../arm-none-eabi/lib/thumb/v7e-m+fp/hard/libc_nano.a(libc_a-sbrkr.o)
 .ARM.attributes
                0x0000082f       0x34 /opt/st/stm32cubeide_1.19.0/plugins/com.st.stm32cube.ide.mcu.externaltools.gnu-tools-for-stm32.13.3.rel1.linux64_1.0.0.202410170706/tools/bin/../lib/gcc/arm-none-eabi/13.3.1/../../../../arm-none-eabi/lib/thumb/v7e-m+fp/hard/libc_nano.a(libc_a-init.o)
 .ARM.attributes
                0x00000863       0x34 /opt/st/stm32cubeide_1.19.0/plugins/com.st.stm32cube.ide.mcu.externaltools.gnu-tools-for-stm32.13.3.rel1.linux64_1.0.0.202410170706/tools/bin/../lib/gcc/arm-none-eabi/13.3.1/../../../../arm-none-eabi/lib/thumb/v7e-m+fp/hard/libc_nano.a(libc_a-lock.o)
 .ARM.attributes
                0x00000897       0x34 /opt/st/stm32cubeide_1.19.0/plugins/com.st.stm32cube.ide.mcu.externaltools.gnu-tools-for-stm32.13.3.rel1.linux64_1.0.0.202410170706/tools/bin/../lib/gcc/arm-none-eabi/13.3.1/../../../../arm-none-eabi/lib/thumb/v7e-m+fp/hard/libc_nano.a(libc_a-freer.o)
 .ARM.attributes
                0x000008cb       0x22 /opt/st/stm32cubeide_1.19.0/plugins/com.st.stm32cube.ide.mcu.externaltools.gnu-tools-for-stm32.13.3.rel1.linux64_1.0.0.202410170706/tools/bin/../lib/gcc/arm-none-eabi/13.3.1/thumb/v7e-m+fp/hard/libgcc.a(_aeabi_uldivmod.o)
 .ARM.attributes
                0x000008ed       0x34 /opt/st/stm32cubeide_1.19.0/plugins/com.st.stm32cube.ide.mcu.externaltools.gnu-tools-for-stm32.13.3.rel1.linux64_1.0.0.202410170706/tools/bin/../lib/gcc/arm-none-eabi/13.3.1/thumb/v7e-m+fp/hard/libgcc.a(_udivmoddi4.o)
 .ARM.attributes
                0x00000921       0x22 /opt/st/stm32cubeide_1.19.0/plugins/com.st.stm32cube.ide.mcu.externaltools.gnu-tools-for-stm32.13.3.rel1.linux64_1.0.0.202410170706/tools/bin/../lib/gcc/arm-none-eabi/13.3.1/thumb/v7e-m+fp/hard/libgcc.a(_dvmd_tls.o)
 .ARM.attributes
                0x00000943       0x34 /opt/st/stm32cubeide_1.19.0/plugins/com.st.stm32cube.ide.mcu.externaltools.gnu-tools-for-stm32.13.3.rel1.linux64_1.0.0.202410170706/tools/bin/../lib/gcc/arm-none-eabi/13.3.1/../../../../arm-none-eabi/lib/thumb/v7e-m+fp/hard/libnosys.a(sbrk.o)
 .ARM.attributes
                0x00000977       0x22 /opt/st/stm32cubeide_1.19.0/plugins/com.st.stm32cube.ide.mcu.externaltools.gnu-tools-for-stm32.13.3.rel1.linux64_1.0.0.202410170706/tools/bin/../lib/gcc/arm-none-eabi/13.3.1/thumb/v7e-m+fp/hard/crtn.o
OUTPUT(Free_Rtos.elf elf32-littlearm)
LOAD linker stubs
LOAD /opt/st/stm32cubeide_1.19.0/plugins/com.st.stm32cube.ide.mcu.externaltools.gnu-tools-for-stm32.13.3.rel1.linux64_1.0.0.202410170706/tools/bin/../lib/gcc/arm-none-eabi/13.3.1/../../../../arm-none-eabi/lib/thumb/v7e-m+fp/hard/libc.a
LOAD /opt/st/stm32cubeide_1.19.0/plugins/com.st.stm32cube.ide.mcu.externaltools.gnu-tools-for-stm32.13.3.rel1.linux64_1.0.0.202410170706/tools/bin/../lib/gcc/arm-none-eabi/13.3.1/../../../../arm-none-eabi/lib/thumb/v7e-m+fp/hard/libm.a
LOAD /opt/st/stm32cubeide_1.19.0/plugins/com.st.stm32cube.ide.mcu.externaltools.gnu-tools-for-stm32.13.3.rel1.linux64_1.0.0.202410170706/tools/bin/../lib/gcc/arm-none-eabi/13.3.1/thumb/v7e-m+fp/hard/libgcc.a

.debug_info     0x00000000    0x1d3e9
 .debug_info    0x00000000     0x1636 ./Core/Src/main.o
 .debug_info    0x00001636      0xfcb ./Core/Src/stm32f4xx_hal_msp.o
 .debug_info    0x00002601      0xbee ./Core/Src/stm32f4xx_hal_timebase_tim.o
 .debug_info    0x000031ef      0xc03 ./Core/Src/stm32f4xx_it.o
 .debug_info    0x00003df2      0x512 ./Core/Src/system_stm32f4xx.o
 .debug_info    0x00004304       0x30 ./Core/Startup/startup_stm32f407vgtx.o
 .debug_info    0x00004334      0x944 ./Drivers/STM32F4xx_HAL_Driver/Src/stm32f4xx_hal.o
 .debug_info    0x00004c78      0xd8c ./Drivers/STM32F4xx_HAL_Driver/Src/stm32f4xx_hal_cortex.o
 .debug_info    0x00005a04      0x6c3 ./Drivers/STM32F4xx_HAL_Driver/Src/stm32f4xx_hal_gpio.o
 .debug_info    0x000060c7     0x114c ./Drivers/STM32F4xx_HAL_Driver/Src/stm32f4xx_hal_hcd.o
 .debug_info    0x00007213     0x2415 ./Drivers/STM32F4xx_HAL_Driver/Src/stm32f4xx_hal_i2c.o
 .debug_info    0x00009628      0xe02 ./Drivers/STM32F4xx_HAL_Driver/Src/stm32f4xx_hal_i2s.o
 .debug_info    0x0000a42a      0xaae ./Drivers/STM32F4xx_HAL_Driver/Src/stm32f4xx_hal_i2s_ex.o
 .debug_info    0x0000aed8      0x8c3 ./Drivers/STM32F4xx_HAL_Driver/Src/stm32f4xx_hal_rcc.o
 .debug_info    0x0000b79b      0x536 ./Drivers/STM32F4xx_HAL_Driver/Src/stm32f4xx_hal_rcc_ex.o
 .debug_info    0x0000bcd1     0x1525 ./Drivers/STM32F4xx_HAL_Driver/Src/stm32f4xx_hal_spi.o
 .debug_info    0x0000d1f6     0x299d ./Drivers/STM32F4xx_HAL_Driver/Src/stm32f4xx_hal_tim.o
 .debug_info    0x0000fb93     0x14db ./Drivers/STM32F4xx_HAL_Driver/Src/stm32f4xx_hal_tim_ex.o
 .debug_info    0x0001106e     0x1993 ./Drivers/STM32F4xx_HAL_Driver/Src/stm32f4xx_ll_usb.o
 .debug_info    0x00012a01     0x1479 ./Middlewares/ST/STM32_USB_Host_Library/Class/CDC/Src/usbh_cdc.o
 .debug_info    0x00013e7a      0xfb5 ./Middlewares/ST/STM32_USB_Host_Library/Core/Src/usbh_core.o
 .debug_info    0x00014e2f      0xfaf ./Middlewares/ST/STM32_USB_Host_Library/Core/Src/usbh_ctlreq.o
 .debug_info    0x00015dde      0xc2e ./Middlewares/ST/STM32_USB_Host_Library/Core/Src/usbh_ioreq.o
 .debug_info    0x00016a0c      0xa91 ./Middlewares/ST/STM32_USB_Host_Library/Core/Src/usbh_pipes.o
 .debug_info    0x0001749d      0xa13 ./USB_HOST/App/usb_host.o
 .debug_info    0x00017eb0     0x1cef ./USB_HOST/Target/usbh_conf.o
 .debug_info    0x00019b9f      0x1d8 ./USB_HOST/Target/usbh_platform.o
 .debug_info    0x00019d77      0x2aa ./rtos/list.o
 .debug_info    0x0001a021     0x285b ./rtos/tasks.o
 .debug_info    0x0001c87c      0x581 ./rtos/portable/GCC/ARM_CM4F/port.o
 .debug_info    0x0001cdfd      0x5ec ./rtos/portable/MemMang/heap_4.o

.debug_abbrev   0x00000000     0x4876
 .debug_abbrev  0x00000000      0x332 ./Core/Src/main.o
 .debug_abbrev  0x00000332      0x211 ./Core/Src/stm32f4xx_hal_msp.o
 .debug_abbrev  0x00000543      0x1f4 ./Core/Src/stm32f4xx_hal_timebase_tim.o
 .debug_abbrev  0x00000737      0x1d6 ./Core/Src/stm32f4xx_it.o
 .debug_abbrev  0x0000090d      0x11a ./Core/Src/system_stm32f4xx.o
 .debug_abbrev  0x00000a27       0x24 ./Core/Startup/startup_stm32f407vgtx.o
 .debug_abbrev  0x00000a4b      0x214 ./Drivers/STM32F4xx_HAL_Driver/Src/stm32f4xx_hal.o
 .debug_abbrev  0x00000c5f      0x31d ./Drivers/STM32F4xx_HAL_Driver/Src/stm32f4xx_hal_cortex.o
 .debug_abbrev  0x00000f7c      0x1d4 ./Drivers/STM32F4xx_HAL_Driver/Src/stm32f4xx_hal_gpio.o
 .debug_abbrev  0x00001150      0x296 ./Drivers/STM32F4xx_HAL_Driver/Src/stm32f4xx_hal_hcd.o
 .debug_abbrev  0x000013e6      0x2ad ./Drivers/STM32F4xx_HAL_Driver/Src/stm32f4xx_hal_i2c.o
 .debug_abbrev  0x00001693      0x25d ./Drivers/STM32F4xx_HAL_Driver/Src/stm32f4xx_hal_i2s.o
 .debug_abbrev  0x000018f0      0x276 ./Drivers/STM32F4xx_HAL_Driver/Src/stm32f4xx_hal_i2s_ex.o
 .debug_abbrev  0x00001b66      0x2b7 ./Drivers/STM32F4xx_HAL_Driver/Src/stm32f4xx_hal_rcc.o
 .debug_abbrev  0x00001e1d      0x1b0 ./Drivers/STM32F4xx_HAL_Driver/Src/stm32f4xx_hal_rcc_ex.o
 .debug_abbrev  0x00001fcd      0x27a ./Drivers/STM32F4xx_HAL_Driver/Src/stm32f4xx_hal_spi.o
 .debug_abbrev  0x00002247      0x278 ./Drivers/STM32F4xx_HAL_Driver/Src/stm32f4xx_hal_tim.o
 .debug_abbrev  0x000024bf      0x283 ./Drivers/STM32F4xx_HAL_Driver/Src/stm32f4xx_hal_tim_ex.o
 .debug_abbrev  0x00002742      0x2b3 ./Drivers/STM32F4xx_HAL_Driver/Src/stm32f4xx_ll_usb.o
 .debug_abbrev  0x000029f5      0x33c ./Middlewares/ST/STM32_USB_Host_Library/Class/CDC/Src/usbh_cdc.o
 .debug_abbrev  0x00002d31      0x32a ./Middlewares/ST/STM32_USB_Host_Library/Core/Src/usbh_core.o
 .debug_abbrev  0x0000305b      0x2ff ./Middlewares/ST/STM32_USB_Host_Library/Core/Src/usbh_ctlreq.o
 .debug_abbrev  0x0000335a      0x245 ./Middlewares/ST/STM32_USB_Host_Library/Core/Src/usbh_ioreq.o
 .debug_abbrev  0x0000359f      0x281 ./Middlewares/ST/STM32_USB_Host_Library/Core/Src/usbh_pipes.o
 .debug_abbrev  0x00003820      0x26e ./USB_HOST/App/usb_host.o
 .debug_abbrev  0x00003a8e      0x3c2 ./USB_HOST/Target/usbh_conf.o
 .debug_abbrev  0x00003e50      0x114 ./USB_HOST/Target/usbh_platform.o
 .debug_abbrev  0x00003f64       0xee ./rtos/list.o
 .debug_abbrev  0x00004052      0x382 ./rtos/tasks.o
 .debug_abbrev  0x000043d4      0x248 ./rtos/portable/GCC/ARM_CM4F/port.o
 .debug_abbrev  0x0000461c      0x25a ./rtos/portable/MemMang/heap_4.o

.debug_aranges  0x00000000     0x19f0
 .debug_aranges
                0x00000000       0x68 ./Core/Src/main.o
 .debug_aranges
                0x00000068       0x50 ./Core/Src/stm32f4xx_hal_msp.o
 .debug_aranges
                0x000000b8       0x30 ./Core/Src/stm32f4xx_hal_timebase_tim.o
 .debug_aranges
                0x000000e8       0x58 ./Core/Src/stm32f4xx_it.o
 .debug_aranges
                0x00000140       0x28 ./Core/Src/system_stm32f4xx.o
 .debug_aranges
                0x00000168       0x28 ./Core/Startup/startup_stm32f407vgtx.o
 .debug_aranges
                0x00000190       0xf0 ./Drivers/STM32F4xx_HAL_Driver/Src/stm32f4xx_hal.o
 .debug_aranges
                0x00000280      0x130 ./Drivers/STM32F4xx_HAL_Driver/Src/stm32f4xx_hal_cortex.o
 .debug_aranges
                0x000003b0       0x58 ./Drivers/STM32F4xx_HAL_Driver/Src/stm32f4xx_hal_gpio.o
 .debug_aranges
                0x00000408      0x108 ./Drivers/STM32F4xx_HAL_Driver/Src/stm32f4xx_hal_hcd.o
 .debug_aranges
                0x00000510      0x2a8 ./Drivers/STM32F4xx_HAL_Driver/Src/stm32f4xx_hal_i2c.o
 .debug_aranges
                0x000007b8      0x108 ./Drivers/STM32F4xx_HAL_Driver/Src/stm32f4xx_hal_i2s.o
 .debug_aranges
                0x000008c0       0x88 ./Drivers/STM32F4xx_HAL_Driver/Src/stm32f4xx_hal_i2s_ex.o
 .debug_aranges
                0x00000948       0x88 ./Drivers/STM32F4xx_HAL_Driver/Src/stm32f4xx_hal_rcc.o
 .debug_aranges
                0x000009d0       0x48 ./Drivers/STM32F4xx_HAL_Driver/Src/stm32f4xx_hal_rcc_ex.o
 .debug_aranges
                0x00000a18      0x1d0 ./Drivers/STM32F4xx_HAL_Driver/Src/stm32f4xx_hal_spi.o
 .debug_aranges
                0x00000be8      0x3d0 ./Drivers/STM32F4xx_HAL_Driver/Src/stm32f4xx_hal_tim.o
 .debug_aranges
                0x00000fb8      0x168 ./Drivers/STM32F4xx_HAL_Driver/Src/stm32f4xx_hal_tim_ex.o
 .debug_aranges
                0x00001120      0x1a0 ./Drivers/STM32F4xx_HAL_Driver/Src/stm32f4xx_ll_usb.o
 .debug_aranges
                0x000012c0       0xa8 ./Middlewares/ST/STM32_USB_Host_Library/Class/CDC/Src/usbh_cdc.o
 .debug_aranges
                0x00001368       0xc0 ./Middlewares/ST/STM32_USB_Host_Library/Core/Src/usbh_core.o
 .debug_aranges
                0x00001428       0xa0 ./Middlewares/ST/STM32_USB_Host_Library/Core/Src/usbh_ctlreq.o
 .debug_aranges
                0x000014c8       0x60 ./Middlewares/ST/STM32_USB_Host_Library/Core/Src/usbh_ioreq.o
 .debug_aranges
                0x00001528       0x40 ./Middlewares/ST/STM32_USB_Host_Library/Core/Src/usbh_pipes.o
 .debug_aranges
                0x00001568       0x30 ./USB_HOST/App/usb_host.o
 .debug_aranges
                0x00001598       0xe0 ./USB_HOST/Target/usbh_conf.o
 .debug_aranges
                0x00001678       0x20 ./USB_HOST/Target/usbh_platform.o
 .debug_aranges
                0x00001698       0x40 ./rtos/list.o
 .debug_aranges
                0x000016d8      0x228 ./rtos/tasks.o
 .debug_aranges
                0x00001900       0x80 ./rtos/portable/GCC/ARM_CM4F/port.o
 .debug_aranges
                0x00001980       0x70 ./rtos/portable/MemMang/heap_4.o

.debug_rnglists
                0x00000000     0x141d
 .debug_rnglists
                0x00000000       0x4c ./Core/Src/main.o
 .debug_rnglists
                0x0000004c       0x3a ./Core/Src/stm32f4xx_hal_msp.o
 .debug_rnglists
                0x00000086       0x20 ./Core/Src/stm32f4xx_hal_timebase_tim.o
 .debug_rnglists
                0x000000a6       0x3d ./Core/Src/stm32f4xx_it.o
 .debug_rnglists
                0x000000e3       0x1a ./Core/Src/system_stm32f4xx.o
 .debug_rnglists
                0x000000fd       0x19 ./Core/Startup/startup_stm32f407vgtx.o
 .debug_rnglists
                0x00000116       0xaf ./Drivers/STM32F4xx_HAL_Driver/Src/stm32f4xx_hal.o
 .debug_rnglists
                0x000001c5       0xe0 ./Drivers/STM32F4xx_HAL_Driver/Src/stm32f4xx_hal_cortex.o
 .debug_rnglists
                0x000002a5       0x3f ./Drivers/STM32F4xx_HAL_Driver/Src/stm32f4xx_hal_gpio.o
 .debug_rnglists
                0x000002e4       0xca ./Drivers/STM32F4xx_HAL_Driver/Src/stm32f4xx_hal_hcd.o
 .debug_rnglists
                0x000003ae      0x23c ./Drivers/STM32F4xx_HAL_Driver/Src/stm32f4xx_hal_i2c.o
 .debug_rnglists
                0x000005ea       0xcc ./Drivers/STM32F4xx_HAL_Driver/Src/stm32f4xx_hal_i2s.o
 .debug_rnglists
                0x000006b6       0x6a ./Drivers/STM32F4xx_HAL_Driver/Src/stm32f4xx_hal_i2s_ex.o
 .debug_rnglists
                0x00000720       0x66 ./Drivers/STM32F4xx_HAL_Driver/Src/stm32f4xx_hal_rcc.o
 .debug_rnglists
                0x00000786       0x35 ./Drivers/STM32F4xx_HAL_Driver/Src/stm32f4xx_hal_rcc_ex.o
 .debug_rnglists
                0x000007bb      0x16f ./Drivers/STM32F4xx_HAL_Driver/Src/stm32f4xx_hal_spi.o
 .debug_rnglists
                0x0000092a      0x31a ./Drivers/STM32F4xx_HAL_Driver/Src/stm32f4xx_hal_tim.o
 .debug_rnglists
                0x00000c44      0x125 ./Drivers/STM32F4xx_HAL_Driver/Src/stm32f4xx_hal_tim_ex.o
 .debug_rnglists
                0x00000d69      0x147 ./Drivers/STM32F4xx_HAL_Driver/Src/stm32f4xx_ll_usb.o
 .debug_rnglists
                0x00000eb0       0x7e ./Middlewares/ST/STM32_USB_Host_Library/Class/CDC/Src/usbh_cdc.o
 .debug_rnglists
                0x00000f2e       0x8f ./Middlewares/ST/STM32_USB_Host_Library/Core/Src/usbh_core.o
 .debug_rnglists
                0x00000fbd       0x77 ./Middlewares/ST/STM32_USB_Host_Library/Core/Src/usbh_ctlreq.o
 .debug_rnglists
                0x00001034       0x43 ./Middlewares/ST/STM32_USB_Host_Library/Core/Src/usbh_ioreq.o
 .debug_rnglists
                0x00001077       0x2b ./Middlewares/ST/STM32_USB_Host_Library/Core/Src/usbh_pipes.o
 .debug_rnglists
                0x000010a2       0x1f ./USB_HOST/App/usb_host.o
 .debug_rnglists
                0x000010c1       0xa4 ./USB_HOST/Target/usbh_conf.o
 .debug_rnglists
                0x00001165       0x13 ./USB_HOST/Target/usbh_platform.o
 .debug_rnglists
                0x00001178       0x2b ./rtos/list.o
 .debug_rnglists
                0x000011a3      0x1c9 ./rtos/tasks.o
 .debug_rnglists
                0x0000136c       0x5d ./rtos/portable/GCC/ARM_CM4F/port.o
 .debug_rnglists
                0x000013c9       0x54 ./rtos/portable/MemMang/heap_4.o

.debug_macro    0x00000000    0x262be
 .debug_macro   0x00000000      0x2aa ./Core/Src/main.o
 .debug_macro   0x000002aa      0xad8 ./Core/Src/main.o
 .debug_macro   0x00000d82      0x2ad ./Core/Src/main.o
 .debug_macro   0x0000102f       0x2e ./Core/Src/main.o
 .debug_macro   0x0000105d       0x2f ./Core/Src/main.o
 .debug_macro   0x0000108c       0x22 ./Core/Src/main.o
 .debug_macro   0x000010ae       0x8e ./Core/Src/main.o
 .debug_macro   0x0000113c       0x51 ./Core/Src/main.o
 .debug_macro   0x0000118d      0x103 ./Core/Src/main.o
 .debug_macro   0x00001290       0x6a ./Core/Src/main.o
 .debug_macro   0x000012fa      0x1df ./Core/Src/main.o
 .debug_macro   0x000014d9       0x1c ./Core/Src/main.o
 .debug_macro   0x000014f5       0x22 ./Core/Src/main.o
 .debug_macro   0x00001517       0xfb ./Core/Src/main.o
 .debug_macro   0x00001612     0x1011 ./Core/Src/main.o
 .debug_macro   0x00002623      0x11f ./Core/Src/main.o
 .debug_macro   0x00002742    0x15ea5 ./Core/Src/main.o
 .debug_macro   0x000185e7       0x6d ./Core/Src/main.o
 .debug_macro   0x00018654     0x3693 ./Core/Src/main.o
 .debug_macro   0x0001bce7      0x190 ./Core/Src/main.o
 .debug_macro   0x0001be77       0x5c ./Core/Src/main.o
 .debug_macro   0x0001bed3      0x980 ./Core/Src/main.o
 .debug_macro   0x0001c853      0x9e9 ./Core/Src/main.o
 .debug_macro   0x0001d23c      0x115 ./Core/Src/main.o
 .debug_macro   0x0001d351      0x13e ./Core/Src/main.o
 .debug_macro   0x0001d48f       0xa5 ./Core/Src/main.o
 .debug_macro   0x0001d534      0x174 ./Core/Src/main.o
 .debug_macro   0x0001d6a8      0x287 ./Core/Src/main.o
 .debug_macro   0x0001d92f       0x5f ./Core/Src/main.o
 .debug_macro   0x0001d98e      0x236 ./Core/Src/main.o
 .debug_macro   0x0001dbc4      0x12c ./Core/Src/main.o
 .debug_macro   0x0001dcf0      0x21e ./Core/Src/main.o
 .debug_macro   0x0001df0e       0x2e ./Core/Src/main.o
 .debug_macro   0x0001df3c      0x1b5 ./Core/Src/main.o
 .debug_macro   0x0001e0f1       0xd6 ./Core/Src/main.o
 .debug_macro   0x0001e1c7      0x1a7 ./Core/Src/main.o
 .debug_macro   0x0001e36e       0x46 ./Core/Src/main.o
 .debug_macro   0x0001e3b4       0x4a ./Core/Src/main.o
 .debug_macro   0x0001e3fe      0x127 ./Core/Src/main.o
 .debug_macro   0x0001e525       0x7e ./Core/Src/main.o
 .debug_macro   0x0001e5a3       0x89 ./Core/Src/main.o
 .debug_macro   0x0001e62c      0x225 ./Core/Src/main.o
 .debug_macro   0x0001e851      0x8ed ./Core/Src/main.o
 .debug_macro   0x0001f13e       0x4d ./Core/Src/main.o
 .debug_macro   0x0001f18b      0x293 ./Core/Src/main.o
 .debug_macro   0x0001f41e       0x98 ./Core/Src/main.o
 .debug_macro   0x0001f4b6      0x12d ./Core/Src/main.o
 .debug_macro   0x0001f5e3      0x190 ./Core/Src/main.o
 .debug_macro   0x0001f773       0x16 ./Core/Src/main.o
 .debug_macro   0x0001f789      0x112 ./Core/Src/main.o
 .debug_macro   0x0001f89b       0x2e ./Core/Src/main.o
 .debug_macro   0x0001f8c9      0x182 ./Core/Src/main.o
 .debug_macro   0x0001fa4b       0xee ./Core/Src/main.o
 .debug_macro   0x0001fb39       0x3a ./Core/Src/main.o
 .debug_macro   0x0001fb73       0x1f ./Core/Src/main.o
 .debug_macro   0x0001fb92       0x12 ./Core/Src/main.o
 .debug_macro   0x0001fba4     0x10e9 ./Core/Src/main.o
 .debug_macro   0x00020c8d       0xc3 ./Core/Src/main.o
 .debug_macro   0x00020d50      0x161 ./Core/Src/main.o
 .debug_macro   0x00020eb1      0x229 ./Core/Src/stm32f4xx_hal_msp.o
 .debug_macro   0x000210da      0x21a ./Core/Src/stm32f4xx_hal_timebase_tim.o
 .debug_macro   0x000212f4      0x233 ./Core/Src/stm32f4xx_it.o
 .debug_macro   0x00021527      0x21a ./Core/Src/system_stm32f4xx.o
 .debug_macro   0x00021741      0x27a ./Drivers/STM32F4xx_HAL_Driver/Src/stm32f4xx_hal.o
 .debug_macro   0x000219bb      0x21a ./Drivers/STM32F4xx_HAL_Driver/Src/stm32f4xx_hal_cortex.o
 .debug_macro   0x00021bd5      0x220 ./Drivers/STM32F4xx_HAL_Driver/Src/stm32f4xx_hal_gpio.o
 .debug_macro   0x00021df5      0x21a ./Drivers/STM32F4xx_HAL_Driver/Src/stm32f4xx_hal_hcd.o
 .debug_macro   0x0002200f      0x268 ./Drivers/STM32F4xx_HAL_Driver/Src/stm32f4xx_hal_i2c.o
 .debug_macro   0x00022277      0x222 ./Drivers/STM32F4xx_HAL_Driver/Src/stm32f4xx_hal_i2s.o
 .debug_macro   0x00022499      0x21a ./Drivers/STM32F4xx_HAL_Driver/Src/stm32f4xx_hal_i2s_ex.o
 .debug_macro   0x000226b3      0x23e ./Drivers/STM32F4xx_HAL_Driver/Src/stm32f4xx_hal_rcc.o
 .debug_macro   0x000228f1      0x21a ./Drivers/STM32F4xx_HAL_Driver/Src/stm32f4xx_hal_rcc_ex.o
 .debug_macro   0x00022b0b      0x229 ./Drivers/STM32F4xx_HAL_Driver/Src/stm32f4xx_hal_spi.o
 .debug_macro   0x00022d34      0x21b ./Drivers/STM32F4xx_HAL_Driver/Src/stm32f4xx_hal_tim.o
 .debug_macro   0x00022f4f      0x21a ./Drivers/STM32F4xx_HAL_Driver/Src/stm32f4xx_hal_tim_ex.o
 .debug_macro   0x00023169      0x21a ./Drivers/STM32F4xx_HAL_Driver/Src/stm32f4xx_ll_usb.o
 .debug_macro   0x00023383      0x3c1 ./Middlewares/ST/STM32_USB_Host_Library/Class/CDC/Src/usbh_cdc.o
 .debug_macro   0x00023744       0x16 ./Middlewares/ST/STM32_USB_Host_Library/Class/CDC/Src/usbh_cdc.o
 .debug_macro   0x0002375a       0x9e ./Middlewares/ST/STM32_USB_Host_Library/Class/CDC/Src/usbh_cdc.o
 .debug_macro   0x000237f8      0x112 ./Middlewares/ST/STM32_USB_Host_Library/Class/CDC/Src/usbh_cdc.o
 .debug_macro   0x0002390a       0x16 ./Middlewares/ST/STM32_USB_Host_Library/Class/CDC/Src/usbh_cdc.o
 .debug_macro   0x00023920       0x16 ./Middlewares/ST/STM32_USB_Host_Library/Class/CDC/Src/usbh_cdc.o
 .debug_macro   0x00023936       0x20 ./Middlewares/ST/STM32_USB_Host_Library/Class/CDC/Src/usbh_cdc.o
 .debug_macro   0x00023956       0x56 ./Middlewares/ST/STM32_USB_Host_Library/Class/CDC/Src/usbh_cdc.o