../Core/Src/main.c:78:5:main	32	static,ignoring_inline_asm
../Core/Src/main.c:138:6:SystemClock_Config	88	static
../Core/Src/main.c:184:13:MX_I2C1_Init	8	static
../Core/Src/main.c:218:13:MX_I2S3_Init	8	static
../Core/Src/main.c:252:13:MX_SPI1_Init	8	static
../Core/Src/main.c:290:13:MX_GPIO_Init	56	static
../Core/Src/main.c:385:6:GreenLedTask	16	static
../Core/Src/main.c:396:6:OrangeLedTask	16	static
../Core/Src/main.c:415:6:HAL_TIM_PeriodElapsedCallback	16	static
../Core/Src/main.c:433:6:Error_Handler	4	static,ignoring_inline_asm
